
Allocating common symbols
Common symbol       size              file

dbg_panic_msg       0x4               ./os/src/chdebug.o
vtlist              0x10              ./os/src/chvt.o
rlist               0x14              ./os/src/chschd.o
_idle_thread_wa     0x90              ./os/src/chsys.o

Discarded input sections

 .text          0x00000000        0x0 ./os/src/chcond.o
 .data          0x00000000        0x0 ./os/src/chcond.o
 .bss           0x00000000        0x0 ./os/src/chcond.o
 .debug_info    0x00000000       0x6b ./os/src/chcond.o
 .debug_abbrev  0x00000000       0x26 ./os/src/chcond.o
 .debug_aranges
                0x00000000       0x18 ./os/src/chcond.o
 .debug_line    0x00000000       0x1d ./os/src/chcond.o
 .debug_str     0x00000000      0x178 ./os/src/chcond.o
 .comment       0x00000000       0x71 ./os/src/chcond.o
 .ARM.attributes
                0x00000000       0x33 ./os/src/chcond.o
 .text          0x00000000        0x0 ./os/src/chdebug.o
 .data          0x00000000        0x0 ./os/src/chdebug.o
 .bss           0x00000000        0x0 ./os/src/chdebug.o
 .debug_info    0x00000000       0x8f ./os/src/chdebug.o
 .debug_abbrev  0x00000000       0x47 ./os/src/chdebug.o
 .debug_aranges
                0x00000000       0x18 ./os/src/chdebug.o
 .debug_line    0x00000000       0x34 ./os/src/chdebug.o
 .debug_str     0x00000000      0x18c ./os/src/chdebug.o
 .comment       0x00000000       0x71 ./os/src/chdebug.o
 .ARM.attributes
                0x00000000       0x33 ./os/src/chdebug.o
 COMMON         0x00000000        0x4 ./os/src/chdebug.o
 .text          0x00000000        0x0 ./os/src/chdynamic.o
 .data          0x00000000        0x0 ./os/src/chdynamic.o
 .bss           0x00000000        0x0 ./os/src/chdynamic.o
 .debug_info    0x00000000       0x6b ./os/src/chdynamic.o
 .debug_abbrev  0x00000000       0x26 ./os/src/chdynamic.o
 .debug_aranges
                0x00000000       0x18 ./os/src/chdynamic.o
 .debug_line    0x00000000       0x1d ./os/src/chdynamic.o
 .debug_str     0x00000000      0x17b ./os/src/chdynamic.o
 .comment       0x00000000       0x71 ./os/src/chdynamic.o
 .ARM.attributes
                0x00000000       0x33 ./os/src/chdynamic.o
 .text          0x00000000        0x0 ./os/src/chevents.o
 .data          0x00000000        0x0 ./os/src/chevents.o
 .bss           0x00000000        0x0 ./os/src/chevents.o
 .text.chEvtRegisterMask
                0x00000000       0x38 ./os/src/chevents.o
 .text.chEvtUnregister
                0x00000000       0x38 ./os/src/chevents.o
 .text.chEvtGetAndClearEvents
                0x00000000       0x20 ./os/src/chevents.o
 .text.chEvtAddEvents
                0x00000000       0x1c ./os/src/chevents.o
 .text.chEvtGetAndClearFlags
                0x00000000       0x14 ./os/src/chevents.o
 .text.chEvtBroadcastFlagsI
                0x00000000       0x2c ./os/src/chevents.o
 .text.chEvtSignal
                0x00000000       0x2c ./os/src/chevents.o
 .text.chEvtBroadcastFlags
                0x00000000       0x18 ./os/src/chevents.o
 .text.chEvtGetAndClearFlagsI
                0x00000000        0xa ./os/src/chevents.o
 .text.chEvtDispatch
                0x00000000       0x30 ./os/src/chevents.o
 .text.chEvtWaitOne
                0x00000000       0x38 ./os/src/chevents.o
 .text.chEvtWaitAll
                0x00000000       0x34 ./os/src/chevents.o
 .text          0x00000000        0x0 ./os/src/chheap.o
 .data          0x00000000        0x0 ./os/src/chheap.o
 .bss           0x00000000        0x0 ./os/src/chheap.o
 .debug_info    0x00000000       0x6b ./os/src/chheap.o
 .debug_abbrev  0x00000000       0x26 ./os/src/chheap.o
 .debug_aranges
                0x00000000       0x18 ./os/src/chheap.o
 .debug_line    0x00000000       0x1d ./os/src/chheap.o
 .debug_str     0x00000000      0x178 ./os/src/chheap.o
 .comment       0x00000000       0x71 ./os/src/chheap.o
 .ARM.attributes
                0x00000000       0x33 ./os/src/chheap.o
 .text          0x00000000        0x0 ./os/src/chlists.o
 .data          0x00000000        0x0 ./os/src/chlists.o
 .bss           0x00000000        0x0 ./os/src/chlists.o
 .debug_info    0x00000000       0x6b ./os/src/chlists.o
 .debug_abbrev  0x00000000       0x26 ./os/src/chlists.o
 .debug_aranges
                0x00000000       0x18 ./os/src/chlists.o
 .debug_line    0x00000000       0x1d ./os/src/chlists.o
 .debug_str     0x00000000      0x179 ./os/src/chlists.o
 .comment       0x00000000       0x71 ./os/src/chlists.o
 .ARM.attributes
                0x00000000       0x33 ./os/src/chlists.o
 .text          0x00000000        0x0 ./os/src/chmboxes.o
 .data          0x00000000        0x0 ./os/src/chmboxes.o
 .bss           0x00000000        0x0 ./os/src/chmboxes.o
 .debug_info    0x00000000       0x6b ./os/src/chmboxes.o
 .debug_abbrev  0x00000000       0x26 ./os/src/chmboxes.o
 .debug_aranges
                0x00000000       0x18 ./os/src/chmboxes.o
 .debug_line    0x00000000       0x1d ./os/src/chmboxes.o
 .debug_str     0x00000000      0x17a ./os/src/chmboxes.o
 .comment       0x00000000       0x71 ./os/src/chmboxes.o
 .ARM.attributes
                0x00000000       0x33 ./os/src/chmboxes.o
 .text          0x00000000        0x0 ./os/src/chmemcore.o
 .data          0x00000000        0x0 ./os/src/chmemcore.o
 .bss           0x00000000        0x0 ./os/src/chmemcore.o
 .debug_info    0x00000000       0x6b ./os/src/chmemcore.o
 .debug_abbrev  0x00000000       0x26 ./os/src/chmemcore.o
 .debug_aranges
                0x00000000       0x18 ./os/src/chmemcore.o
 .debug_line    0x00000000       0x1d ./os/src/chmemcore.o
 .debug_str     0x00000000      0x17b ./os/src/chmemcore.o
 .comment       0x00000000       0x71 ./os/src/chmemcore.o
 .ARM.attributes
                0x00000000       0x33 ./os/src/chmemcore.o
 .text          0x00000000        0x0 ./os/src/chmempools.o
 .data          0x00000000        0x0 ./os/src/chmempools.o
 .bss           0x00000000        0x0 ./os/src/chmempools.o
 .debug_info    0x00000000       0x6b ./os/src/chmempools.o
 .debug_abbrev  0x00000000       0x26 ./os/src/chmempools.o
 .debug_aranges
                0x00000000       0x18 ./os/src/chmempools.o
 .debug_line    0x00000000       0x1d ./os/src/chmempools.o
 .debug_str     0x00000000      0x17c ./os/src/chmempools.o
 .comment       0x00000000       0x71 ./os/src/chmempools.o
 .ARM.attributes
                0x00000000       0x33 ./os/src/chmempools.o
 .text          0x00000000        0x0 ./os/src/chmsg.o
 .data          0x00000000        0x0 ./os/src/chmsg.o
 .bss           0x00000000        0x0 ./os/src/chmsg.o
 .debug_info    0x00000000       0x6b ./os/src/chmsg.o
 .debug_abbrev  0x00000000       0x26 ./os/src/chmsg.o
 .debug_aranges
                0x00000000       0x18 ./os/src/chmsg.o
 .debug_line    0x00000000       0x1d ./os/src/chmsg.o
 .debug_str     0x00000000      0x177 ./os/src/chmsg.o
 .comment       0x00000000       0x71 ./os/src/chmsg.o
 .ARM.attributes
                0x00000000       0x33 ./os/src/chmsg.o
 .text          0x00000000        0x0 ./os/src/chmtx.o
 .data          0x00000000        0x0 ./os/src/chmtx.o
 .bss           0x00000000        0x0 ./os/src/chmtx.o
 .debug_info    0x00000000       0x6b ./os/src/chmtx.o
 .debug_abbrev  0x00000000       0x26 ./os/src/chmtx.o
 .debug_aranges
                0x00000000       0x18 ./os/src/chmtx.o
 .debug_line    0x00000000       0x1d ./os/src/chmtx.o
 .debug_str     0x00000000      0x177 ./os/src/chmtx.o
 .comment       0x00000000       0x71 ./os/src/chmtx.o
 .ARM.attributes
                0x00000000       0x33 ./os/src/chmtx.o
 .text          0x00000000        0x0 ./os/src/chqueues.o
 .data          0x00000000        0x0 ./os/src/chqueues.o
 .bss           0x00000000        0x0 ./os/src/chqueues.o
 .debug_info    0x00000000       0x6b ./os/src/chqueues.o
 .debug_abbrev  0x00000000       0x26 ./os/src/chqueues.o
 .debug_aranges
                0x00000000       0x18 ./os/src/chqueues.o
 .debug_line    0x00000000       0x1d ./os/src/chqueues.o
 .debug_str     0x00000000      0x17a ./os/src/chqueues.o
 .comment       0x00000000       0x71 ./os/src/chqueues.o
 .ARM.attributes
                0x00000000       0x33 ./os/src/chqueues.o
 .text          0x00000000        0x0 ./os/src/chregistry.o
 .data          0x00000000        0x0 ./os/src/chregistry.o
 .bss           0x00000000        0x0 ./os/src/chregistry.o
 .debug_info    0x00000000       0x6b ./os/src/chregistry.o
 .debug_abbrev  0x00000000       0x26 ./os/src/chregistry.o
 .debug_aranges
                0x00000000       0x18 ./os/src/chregistry.o
 .debug_line    0x00000000       0x1d ./os/src/chregistry.o
 .debug_str     0x00000000      0x17c ./os/src/chregistry.o
 .comment       0x00000000       0x71 ./os/src/chregistry.o
 .ARM.attributes
                0x00000000       0x33 ./os/src/chregistry.o
 .text          0x00000000        0x0 ./os/src/chschd.o
 .data          0x00000000        0x0 ./os/src/chschd.o
 .bss           0x00000000        0x0 ./os/src/chschd.o
 .text.chSchRescheduleS
                0x00000000       0x18 ./os/src/chschd.o
 .text          0x00000000        0x0 ./os/src/chsem.o
 .data          0x00000000        0x0 ./os/src/chsem.o
 .bss           0x00000000        0x0 ./os/src/chsem.o
 .text.chSemInit
                0x00000000       0x20 ./os/src/chsem.o
 .text.chSemResetI
                0x00000000       0x38 ./os/src/chsem.o
 .text.chSemReset
                0x00000000       0x18 ./os/src/chsem.o
 .text.chSemWaitS
                0x00000000       0x40 ./os/src/chsem.o
 .text.chSemWait
                0x00000000       0x14 ./os/src/chsem.o
 .text.chSemWaitTimeoutS
                0x00000000       0x4c ./os/src/chsem.o
 .text.chSemWaitTimeout
                0x00000000       0x14 ./os/src/chsem.o
 .text.chSemSignal
                0x00000000       0x38 ./os/src/chsem.o
 .text.chSemSignalI
                0x00000000       0x30 ./os/src/chsem.o
 .text.chSemAddCounterI
                0x00000000       0x3c ./os/src/chsem.o
 .text.chSemSignalWait
                0x00000000       0x6c ./os/src/chsem.o
 .rodata.str1.1
                0x00000000       0x8d ./os/src/chsem.o
 .debug_info    0x00000000      0xa54 ./os/src/chsem.o
 .debug_abbrev  0x00000000      0x2e9 ./os/src/chsem.o
 .debug_loc     0x00000000      0x51a ./os/src/chsem.o
 .debug_aranges
                0x00000000       0x70 ./os/src/chsem.o
 .debug_ranges  0x00000000       0x90 ./os/src/chsem.o
 .debug_line    0x00000000      0x2bb ./os/src/chsem.o
 .debug_str     0x00000000      0x3c0 ./os/src/chsem.o
 .comment       0x00000000       0x71 ./os/src/chsem.o
 .ARM.attributes
                0x00000000       0x33 ./os/src/chsem.o
 .debug_frame   0x00000000      0x130 ./os/src/chsem.o
 .text          0x00000000        0x0 ./os/src/chsys.o
 .data          0x00000000        0x0 ./os/src/chsys.o
 .bss           0x00000000        0x0 ./os/src/chsys.o
 .text          0x00000000        0x0 ./os/src/chthreads.o
 .data          0x00000000        0x0 ./os/src/chthreads.o
 .bss           0x00000000        0x0 ./os/src/chthreads.o
 .text.chThdSetPriority
                0x00000000       0x34 ./os/src/chthreads.o
 .text.chThdResume
                0x00000000       0x1a ./os/src/chthreads.o
 .text.chThdTerminate
                0x00000000       0x16 ./os/src/chthreads.o
 .text.chThdSleepUntil
                0x00000000       0x24 ./os/src/chthreads.o
 .text.chThdYield
                0x00000000       0x28 ./os/src/chthreads.o
 .text          0x00000000        0x0 ./os/src/chvt.o
 .data          0x00000000        0x0 ./os/src/chvt.o
 .bss           0x00000000        0x0 ./os/src/chvt.o
 .text.chTimeIsWithin
                0x00000000       0x2c ./os/src/chvt.o
 .text          0x00000000        0x0 ./os/hal/chcore.o
 .data          0x00000000        0x0 ./os/hal/chcore.o
 .bss           0x00000000        0x0 ./os/hal/chcore.o
 .text.port_halt
                0x00000000        0x4 ./os/hal/chcore.o
 .debug_info    0x00000000       0x84 ./os/hal/chcore.o
 .debug_abbrev  0x00000000       0x42 ./os/hal/chcore.o
 .debug_aranges
                0x00000000       0x20 ./os/hal/chcore.o
 .debug_ranges  0x00000000       0x10 ./os/hal/chcore.o
 .debug_line    0x00000000       0x43 ./os/hal/chcore.o
 .debug_str     0x00000000      0x182 ./os/hal/chcore.o
 .comment       0x00000000       0x71 ./os/hal/chcore.o
 .ARM.attributes
                0x00000000       0x33 ./os/hal/chcore.o
 .debug_frame   0x00000000       0x20 ./os/hal/chcore.o
 .text          0x00000000        0x0 ./os/hal/chcore_v7m.o
 .data          0x00000000        0x0 ./os/hal/chcore_v7m.o
 .bss           0x00000000        0x0 ./os/hal/chcore_v7m.o
 .text          0x00000000        0x0 ./os/hal/crt0.o
 .data          0x00000000        0x0 ./os/hal/crt0.o
 .bss           0x00000000        0x0 ./os/hal/crt0.o
 .text          0x00000000        0x0 ./os/hal/hal.o
 .data          0x00000000        0x0 ./os/hal/hal.o
 .bss           0x00000000        0x0 ./os/hal/hal.o
 .text          0x00000000        0x0 ./os/hal/hal_lld.o
 .data          0x00000000        0x0 ./os/hal/hal_lld.o
 .bss           0x00000000        0x0 ./os/hal/hal_lld.o
 .text          0x00000000        0x0 ./os/hal/nvic.o
 .data          0x00000000        0x0 ./os/hal/nvic.o
 .bss           0x00000000        0x0 ./os/hal/nvic.o
 .text.nvicDisableVector
                0x00000000       0x3c ./os/hal/nvic.o
 .text          0x00000000        0x0 ./os/hal/stm32_dma.o
 .data          0x00000000        0x0 ./os/hal/stm32_dma.o
 .bss           0x00000000        0x0 ./os/hal/stm32_dma.o
 .text.dmaStreamRelease
                0x00000000       0x40 ./os/hal/stm32_dma.o
 .text          0x00000000        0x0 ./os/hal/vectors.o
 .data          0x00000000        0x0 ./os/hal/vectors.o
 .bss           0x00000000        0x0 ./os/hal/vectors.o
 .text          0x00000000        0x0 ./kl_lib/clocking_f100.o
 .data          0x00000000        0x0 ./kl_lib/clocking_f100.o
 .bss           0x00000000        0x0 ./kl_lib/clocking_f100.o
 .text._ZN5Clk_t9HSEEnableEv
                0x00000000       0x24 ./kl_lib/clocking_f100.o
 .text._ZN5Clk_t9HSIEnableEv
                0x00000000       0x24 ./kl_lib/clocking_f100.o
 .text._ZN5Clk_t9PLLEnableEv
                0x00000000       0x24 ./kl_lib/clocking_f100.o
 .text._ZN5Clk_t11SwitchToHSIEv
                0x00000000       0x28 ./kl_lib/clocking_f100.o
 .text._ZN5Clk_t11SwitchToHSEEv
                0x00000000       0x30 ./kl_lib/clocking_f100.o
 .text._ZN5Clk_t11SwitchToPLLEv
                0x00000000       0x3c ./kl_lib/clocking_f100.o
 .text._ZN5Clk_t16SetupPLLDividersEh8PllMul_t
                0x00000000       0x38 ./kl_lib/clocking_f100.o
 .text._ZN5Clk_t11SetupAdcClkE8ADCDiv_t
                0x00000000       0x14 ./kl_lib/clocking_f100.o
 .text          0x00000000        0x0 ./kl_lib/kl_lib_f100.o
 .data          0x00000000        0x0 ./kl_lib/kl_lib_f100.o
 .bss           0x00000000        0x0 ./kl_lib/kl_lib_f100.o
 .text._Z16i2cDmaIrqHandlerPvm
                0x00000000       0x1e ./kl_lib/kl_lib_f100.o
 .text._ZL14PinSetupAnalogP12GPIO_TypeDeft
                0x00000000       0x3a ./kl_lib/kl_lib_f100.o
 .text._init    0x00000000        0x2 ./kl_lib/kl_lib_f100.o
 .text._ZN5i2c_t7StandbyEv
                0x00000000       0x40 ./kl_lib/kl_lib_f100.o
 .text._ZN5i2c_t6ResumeEv
                0x00000000       0xc0 ./kl_lib/kl_lib_f100.o
 .text._ZN5i2c_t4InitEP11I2C_TypeDefm
                0x00000000       0x74 ./kl_lib/kl_lib_f100.o
 .text._ZN5i2c_t5ResetEv
                0x00000000       0x12 ./kl_lib/kl_lib_f100.o
 .text._ZN5i2c_t9IBusyWaitEv
                0x00000000       0x2a ./kl_lib/kl_lib_f100.o
 .text._ZN5i2c_t7WaitEv5Ev
                0x00000000       0x24 ./kl_lib/kl_lib_f100.o
 .text._ZN5i2c_t7WaitEv6Ev
                0x00000000       0x20 ./kl_lib/kl_lib_f100.o
 .text._ZN5i2c_t7WaitEv8Ev
                0x00000000       0x1a ./kl_lib/kl_lib_f100.o
 .text._ZN5i2c_t13CmdWriteWriteEhPhhS0_h
                0x00000000      0x114 ./kl_lib/kl_lib_f100.o
 .text._ZN5i2c_t6WaitRxEv
                0x00000000       0x18 ./kl_lib/kl_lib_f100.o
 .text._ZN5i2c_t8WaitStopEv
                0x00000000       0x18 ./kl_lib/kl_lib_f100.o
 .text._ZN5i2c_t12CmdWriteReadEhPhhS0_h
                0x00000000      0x194 ./kl_lib/kl_lib_f100.o
 .text          0x00000000        0x0 ./kl_lib/kl_sprintf.o
 .data          0x00000000        0x0 ./kl_lib/kl_sprintf.o
 .bss           0x00000000        0x0 ./kl_lib/kl_sprintf.o
 .text          0x00000000        0x0 ./keys.o
 .data          0x00000000        0x0 ./keys.o
 .bss           0x00000000        0x0 ./keys.o
 .text._init    0x00000000        0x2 ./keys.o
 .text          0x00000000        0x0 ./led.o
 .data          0x00000000        0x0 ./led.o
 .bss           0x00000000        0x0 ./led.o
 .text._init    0x00000000        0x2 ./led.o
 .text._ZN11LedSmooth_t7GlimmerEtt
                0x00000000       0x6c ./led.o
 .text          0x00000000        0x0 ./main.o
 .data          0x00000000        0x0 ./main.o
 .bss           0x00000000        0x0 ./main.o
 .text._init    0x00000000        0x2 ./main.o
 .bss.Iwdg      0x00000000        0x1 ./main.o

Memory Configuration

Name             Origin             Length             Attributes
flash            0x08000000         0x00004000
ram              0x20000000         0x00001000
*default*        0x00000000         0xffffffff

Linker script and memory map

LOAD ./os/src/chcond.o
LOAD ./os/src/chdebug.o
LOAD ./os/src/chdynamic.o
LOAD ./os/src/chevents.o
LOAD ./os/src/chheap.o
LOAD ./os/src/chlists.o
LOAD ./os/src/chmboxes.o
LOAD ./os/src/chmemcore.o
LOAD ./os/src/chmempools.o
LOAD ./os/src/chmsg.o
LOAD ./os/src/chmtx.o
LOAD ./os/src/chqueues.o
LOAD ./os/src/chregistry.o
LOAD ./os/src/chschd.o
LOAD ./os/src/chsem.o
LOAD ./os/src/chsys.o
LOAD ./os/src/chthreads.o
LOAD ./os/src/chvt.o
LOAD ./os/hal/chcore.o
LOAD ./os/hal/chcore_v7m.o
LOAD ./os/hal/crt0.o
LOAD ./os/hal/hal.o
LOAD ./os/hal/hal_lld.o
LOAD ./os/hal/nvic.o
LOAD ./os/hal/stm32_dma.o
LOAD ./os/hal/vectors.o
LOAD ./kl_lib/clocking_f100.o
LOAD ./kl_lib/kl_lib_f100.o
LOAD ./kl_lib/kl_sprintf.o
LOAD ./keys.o
LOAD ./led.o
LOAD ./main.o
                0x00000400                __main_stack_size__ = 0x400
                0x00000400                __process_stack_size__ = 0x400
                0x20000000                __ram_start__ = ORIGIN (ram)
                0x00001000                __ram_size__ = 0x1000
                0x20001000                __ram_end__ = (__ram_start__ + __ram_size__)
                0x00000000                . = 0x0
                0x00000000                _text = .

startup         0x08000000       0xec
 *(vectors)
 vectors        0x08000000       0xec ./os/hal/vectors.o
                0x08000000                _vectors

constructors    0x080000ec        0x0
                0x080000ec                PROVIDE (__init_array_start, .)
 *(SORT(.init_array.*))
 *(.init_array)
                0x080000ec                PROVIDE (__init_array_end, .)

destructors     0x080000ec        0x0
                0x080000ec                PROVIDE (__fini_array_start, .)
 *(.fini_array)
 *(SORT(.fini_array.*))
                0x080000ec                PROVIDE (__fini_array_end, .)

.text           0x080000f0     0x155f
 *(.text.startup.*)
 .text.startup.main
                0x080000f0      0x11c ./main.o
                0x080000f0                main
 *(.text)
 *(.text.*)
 *fill*         0x0800020c        0x4 
 .text.chEvtSignalI
                0x08000210       0x40 ./os/src/chevents.o
                0x08000210                chEvtSignalI
 .text.chEvtWaitAny
                0x08000250       0x34 ./os/src/chevents.o
                0x08000250                chEvtWaitAny
 *fill*         0x08000284        0xc 
 .text._scheduler_init
                0x08000290       0x10 ./os/src/chschd.o
                0x08000290                _scheduler_init
 .text.chSchReadyI
                0x080002a0       0x20 ./os/src/chschd.o
                0x080002a0                chSchReadyI
 .text.wakeup   0x080002c0       0x34 ./os/src/chschd.o
 *fill*         0x080002f4        0xc 
 .text.chSchGoSleepS
                0x08000300       0x20 ./os/src/chschd.o
                0x08000300                chSchGoSleepS
 .text.chSchGoSleepTimeoutS
                0x08000320       0x3c ./os/src/chschd.o
                0x08000320                chSchGoSleepTimeoutS
 *fill*         0x0800035c        0x4 
 .text.chSchWakeupS
                0x08000360       0x38 ./os/src/chschd.o
                0x08000360                chSchWakeupS
 *fill*         0x08000398        0x8 
 .text.chSchDoRescheduleBehind
                0x080003a0       0x30 ./os/src/chschd.o
                0x080003a0                chSchDoRescheduleBehind
 .text.chSchDoRescheduleAhead
                0x080003d0       0x38 ./os/src/chschd.o
                0x080003d0                chSchDoRescheduleAhead
 *fill*         0x08000408        0x8 
 .text.chSchDoReschedule
                0x08000410       0x14 ./os/src/chschd.o
                0x08000410                chSchDoReschedule
 *fill*         0x08000424        0xc 
 .text._idle_thread
                0x08000430        0x4 ./os/src/chsys.o
                0x08000430                _idle_thread
 *fill*         0x08000434        0xc 
 .text.chSysInit
                0x08000440       0x4c ./os/src/chsys.o
                0x08000440                chSysInit
 *fill*         0x0800048c        0x4 
 .text.chSysTimerHandlerI
                0x08000490       0x50 ./os/src/chsys.o
                0x08000490                chSysTimerHandlerI
 .text._thread_init
                0x080004e0       0x12 ./os/src/chthreads.o
                0x080004e0                _thread_init
 *fill*         0x080004f2        0xe 
 .text.chThdCreateI
                0x08000500       0x48 ./os/src/chthreads.o
                0x08000500                chThdCreateI
 *fill*         0x08000548        0x8 
 .text.chThdCreateStatic
                0x08000550       0x28 ./os/src/chthreads.o
                0x08000550                chThdCreateStatic
 *fill*         0x08000578        0x8 
 .text.chThdSleep
                0x08000580       0x28 ./os/src/chthreads.o
                0x08000580                chThdSleep
 *fill*         0x080005a8        0x8 
 .text.chThdExitS
                0x080005b0       0x10 ./os/src/chthreads.o
                0x080005b0                chThdExitS
 .text.chThdExit
                0x080005c0        0xa ./os/src/chthreads.o
                0x080005c0                chThdExit
 *fill*         0x080005ca        0x6 
 .text._vt_init
                0x080005d0       0x18 ./os/src/chvt.o
                0x080005d0                _vt_init
 *fill*         0x080005e8        0x8 
 .text.chVTSetI
                0x080005f0       0x4c ./os/src/chvt.o
                0x080005f0                chVTSetI
 *fill*         0x0800063c        0x4 
 .text.chVTResetI
                0x08000640       0x34 ./os/src/chvt.o
                0x08000640                chVTResetI
 *fill*         0x08000674        0xc 
 .text._port_switch_from_isr
                0x08000680        0x6 ./os/hal/chcore_v7m.o
                0x08000680                _port_switch_from_isr
 *fill*         0x08000686        0xa 
 .text.SVCallVector
                0x08000690       0x12 ./os/hal/chcore_v7m.o
                0x08000690                SVCallVector
 *fill*         0x080006a2        0xe 
 .text._port_init
                0x080006b0       0x34 ./os/hal/chcore_v7m.o
                0x080006b0                _port_init
 *fill*         0x080006e4        0xc 
 .text._port_irq_epilogue
                0x080006f0       0x68 ./os/hal/chcore_v7m.o
                0x080006f0                _port_irq_epilogue
 *fill*         0x08000758        0x8 
 .text.SysTickVector
                0x08000760       0x1a ./os/hal/chcore_v7m.o
                0x08000760                SysTickVector
 *fill*         0x0800077a        0x6 
 .text._port_switch
                0x08000780       0x10 ./os/hal/chcore_v7m.o
                0x08000780                _port_switch
 .text._port_thread_start
                0x08000790       0x10 ./os/hal/chcore_v7m.o
                0x08000790                _port_thread_start
 .text.__late_init
                0x080007a0        0x2 ./os/hal/crt0.o
                0x080007a0                __late_init
 *fill*         0x080007a2        0xe 
 .text._default_exit
                0x080007b0        0x2 ./os/hal/crt0.o
                0x080007b0                _default_exit
 *fill*         0x080007b2        0xe 
 .text.ResetHandler
                0x080007c0       0xa8 ./os/hal/crt0.o
                0x080007c0                ResetHandler
 *fill*         0x08000868        0x8 
 .text.halInit  0x08000870        0x4 ./os/hal/hal.o
                0x08000870                halInit
 *fill*         0x08000874        0xc 
 .text.hal_lld_init
                0x08000880       0x44 ./os/hal/hal_lld.o
                0x08000880                hal_lld_init
 *fill*         0x080008c4        0xc 
 .text.nvicEnableVector
                0x080008d0       0x46 ./os/hal/nvic.o
                0x080008d0                nvicEnableVector
 *fill*         0x08000916        0xa 
 .text.nvicSetSystemHandlerPriority
                0x08000920       0x26 ./os/hal/nvic.o
                0x08000920                nvicSetSystemHandlerPriority
 *fill*         0x08000946        0xa 
 .text.Vector6C
                0x08000950       0x28 ./os/hal/stm32_dma.o
                0x08000950                Vector6C
 *fill*         0x08000978        0x8 
 .text.Vector70
                0x08000980       0x28 ./os/hal/stm32_dma.o
                0x08000980                Vector70
 *fill*         0x080009a8        0x8 
 .text.Vector74
                0x080009b0       0x2c ./os/hal/stm32_dma.o
                0x080009b0                Vector74
 *fill*         0x080009dc        0x4 
 .text.Vector78
                0x080009e0       0x2c ./os/hal/stm32_dma.o
                0x080009e0                Vector78
 *fill*         0x08000a0c        0x4 
 .text.Vector7C
                0x08000a10       0x2c ./os/hal/stm32_dma.o
                0x08000a10                Vector7C
 *fill*         0x08000a3c        0x4 
 .text.Vector80
                0x08000a40       0x2c ./os/hal/stm32_dma.o
                0x08000a40                Vector80
 *fill*         0x08000a6c        0x4 
 .text.Vector84
                0x08000a70       0x2c ./os/hal/stm32_dma.o
                0x08000a70                Vector84
 *fill*         0x08000a9c        0x4 
 .text.dmaInit  0x08000aa0       0x38 ./os/hal/stm32_dma.o
                0x08000aa0                dmaInit
 *fill*         0x08000ad8        0x8 
 .text.dmaStreamAllocate
                0x08000ae0       0x88 ./os/hal/stm32_dma.o
                0x08000ae0                dmaStreamAllocate
 *fill*         0x08000b68        0x8 
 .text._unhandled_exception
                0x08000b70        0x2 ./os/hal/vectors.o
                0x08000b70                Vector58
                0x08000b70                VectorE8
                0x08000b70                Vector9C
                0x08000b70                VectorAC
                0x08000b70                Vector5C
                0x08000b70                NMIVector
                0x08000b70                Vector8C
                0x08000b70                VectorDC
                0x08000b70                VectorC8
                0x08000b70                Vector94
                0x08000b70                VectorA8
                0x08000b70                VectorB4
                0x08000b70                UsageFaultVector
                0x08000b70                DebugMonitorVector
                0x08000b70                Vector40
                0x08000b70                VectorBC
                0x08000b70                PendSVVector
                0x08000b70                Vector64
                0x08000b70                VectorCC
                0x08000b70                Vector54
                0x08000b70                Vector98
                0x08000b70                VectorD8
                0x08000b70                Vector24
                0x08000b70                BusFaultVector
                0x08000b70                VectorD0
                0x08000b70                VectorE4
                0x08000b70                VectorC0
                0x08000b70                HardFaultVector
                0x08000b70                VectorE0
                0x08000b70                MemManageVector
                0x08000b70                VectorA0
                0x08000b70                VectorC4
                0x08000b70                VectorB0
                0x08000b70                Vector90
                0x08000b70                Vector60
                0x08000b70                Vector1C
                0x08000b70                Vector48
                0x08000b70                VectorD4
                0x08000b70                Vector4C
                0x08000b70                Vector68
                0x08000b70                _unhandled_exception
                0x08000b70                Vector88
                0x08000b70                Vector50
                0x08000b70                Vector44
                0x08000b70                Vector28
                0x08000b70                VectorB8
                0x08000b70                Vector34
                0x08000b70                VectorA4
                0x08000b70                Vector20
 *fill*         0x08000b72        0xe 
 .text._ZN5Clk_t16UpdateFreqValuesEv
                0x08000b80       0xb8 ./kl_lib/clocking_f100.o
                0x08000b80                Clk_t::UpdateFreqValues()
 *fill*         0x08000c38        0x8 
 .text._ZN5Clk_t16SetupBusDividersE8AHBDiv_t8APBDiv_tS1_
                0x08000c40       0x24 ./kl_lib/clocking_f100.o
                0x08000c40                Clk_t::SetupBusDividers(AHBDiv_t, APBDiv_t, APBDiv_t)
 *fill*         0x08000c64        0xc 
 .text.__early_init
                0x08000c70       0x18 ./kl_lib/clocking_f100.o
                0x08000c70                __early_init
 *fill*         0x08000c88        0x8 
 .text._ZL14PinClockEnableP12GPIO_TypeDef
                0x08000c90       0x5c ./kl_lib/kl_lib_f100.o
 *fill*         0x08000cec        0x4 
 .text._ZL23PinSetupAlterFuncOutputP12GPIO_TypeDeft12PinOutMode_t10PinSpeed_t.constprop.13
                0x08000cf0       0x60 ./kl_lib/kl_lib_f100.o
 .text._ZN8PwmPin_t4InitEP12GPIO_TypeDefthhtb
                0x08000d50      0x15c ./kl_lib/kl_lib_f100.o
                0x08000d50                PwmPin_t::Init(GPIO_TypeDef*, unsigned short, unsigned char, unsigned char, unsigned short, bool)
 *fill*         0x08000eac        0x4 
 .text._ZN8PwmPin_t9SetFreqHzEm
                0x08000eb0       0x1c ./kl_lib/kl_lib_f100.o
                0x08000eb0                PwmPin_t::SetFreqHz(unsigned long)
 *fill*         0x08000ecc        0x4 
 .text.chDbgPanic
                0x08000ed0       0x1c ./kl_lib/kl_lib_f100.o
                0x08000ed0                chDbgPanic
 *fill*         0x08000eec        0x4 
 .text._ZN9DbgUart_t8IPutCharEc
                0x08000ef0       0x1e ./kl_lib/kl_lib_f100.o
                0x08000ef0                DbgUart_t::IPutChar(char)
 *fill*         0x08000f0e        0x2 
 .text._ZL8FPutCharc
                0x08000f10        0xc ./kl_lib/kl_lib_f100.o
 *fill*         0x08000f1c        0x4 
 .text._ZN9DbgUart_t6PrintfEPKcz
                0x08000f20       0x74 ./kl_lib/kl_lib_f100.o
                0x08000f20                DbgUart_t::Printf(char const*, ...)
 *fill*         0x08000f94        0xc 
 .text._ZN9DbgUart_t4InitEm
                0x08000fa0       0x8c ./kl_lib/kl_lib_f100.o
                0x08000fa0                DbgUart_t::Init(unsigned long)
 *fill*         0x0800102c        0x4 
 .text._ZN9DbgUart_t15IRQDmaTxHandlerEv
                0x08001030       0x6c ./kl_lib/kl_lib_f100.o
                0x08001030                DbgUart_t::IRQDmaTxHandler()
 *fill*         0x0800109c        0x4 
 .text.DbgUartIrq
                0x080010a0        0xc ./kl_lib/kl_lib_f100.o
                0x080010a0                DbgUartIrq
 *fill*         0x080010ac        0x4 
 .text.IPutUint.4105
                0x080010b0       0x72 ./kl_lib/kl_sprintf.o
 *fill*         0x08001122        0xe 
 .text.kl_vsprintf
                0x08001130      0x160 ./kl_lib/kl_sprintf.o
                0x08001130                kl_vsprintf
 .text._ZN6Keys_t5ITaskEv
                0x08001290       0x3c ./keys.o
                0x08001290                Keys_t::ITask()
 *fill*         0x080012cc        0x4 
 .text._ZL10KeysThreadPv
                0x080012d0       0x10 ./keys.o
 .text._ZN6Keys_t4InitEP6Thread
                0x080012e0       0x50 ./keys.o
                0x080012e0                Keys_t::Init(Thread*)
 .text._ZN11LedSmooth_t4InitEtP6Thread
                0x08001330       0x44 ./led.o
                0x08001330                LedSmooth_t::Init(unsigned short, Thread*)
 *fill*         0x08001374        0xc 
 .text._ZN11LedSmooth_t11SetSmoothlyEt
                0x08001380       0x64 ./led.o
                0x08001380                LedSmooth_t::SetSmoothly(unsigned short)
 *fill*         0x080013e4        0xc 
 .text._ZN11LedSmooth_t11IIrqHandlerEv
                0x080013f0       0x9c ./led.o
                0x080013f0                LedSmooth_t::IIrqHandler()
 *fill*         0x0800148c        0x4 
 .text._ZL14LedTmrCallbackPv
                0x08001490        0xc ./led.o
 *(.rodata)
 *fill*         0x0800149c        0x4 
 .rodata        0x080014a0       0x18 ./kl_lib/clocking_f100.o
 *(.rodata.*)
 *fill*         0x080014b8        0x8 
 .rodata.str1.1
                0x080014c0       0x75 ./os/src/chevents.o
 *fill*         0x08001535        0xb 
 .rodata.str1.1
                0x08001540       0x35 ./os/src/chthreads.o
 *fill*         0x08001575        0xb 
 .rodata.str1.1
                0x08001580       0x1c ./os/src/chvt.o
 *fill*         0x0800159c        0x4 
 .rodata.str1.1
                0x080015a0       0x1f ./os/hal/stm32_dma.o
 *fill*         0x080015bf        0x1 
 .rodata._stm32_dma_streams
                0x080015c0       0x54 ./os/hal/stm32_dma.o
                0x080015c0                _stm32_dma_streams
 *fill*         0x08001614        0xc 
 .rodata.str1.1
                0x08001620       0x2f ./main.o
 *(.glue_7t)
 .glue_7t       0x00000000        0x0 linker stubs
 *(.glue_7)
 .glue_7        0x00000000        0x0 linker stubs
 *(.gcc*)

.vfp11_veneer   0x08001650        0x0
 .vfp11_veneer  0x00000000        0x0 linker stubs

.v4_bx          0x08001650        0x0
 .v4_bx         0x00000000        0x0 linker stubs

.iplt           0x08001650        0x0
 .iplt          0x00000000        0x0 ./os/src/chcond.o

.rel.dyn        0x08001650        0x0
 .rel.iplt      0x00000000        0x0 ./os/src/chcond.o

.ARM.extab
 *(.ARM.extab* .gnu.linkonce.armextab.*)

.ARM.exidx      0x0800164f        0x0
                0x0800164f                PROVIDE (__exidx_start, .)
 *(.ARM.exidx* .gnu.linkonce.armexidx.*)
                0x0800164f                PROVIDE (__exidx_end, .)

.eh_frame_hdr
 *(.eh_frame_hdr)

.eh_frame
 *(.eh_frame)

.textalign      0x0800164f        0x0
                0x08001650                . = ALIGN (0x8)
                0x08001650                _etext = .
                0x0800164f                _textdata = _etext

.stacks         0x20000000      0x800
                0x20000000                . = ALIGN (0x8)
                0x20000000                __main_stack_base__ = .
                0x20000400                . = (. + __main_stack_size__)
 *fill*         0x20000000      0x400 
                0x20000400                . = ALIGN (0x8)
                0x20000400                __main_stack_end__ = .
                0x20000400                __process_stack_base__ = .
                0x20000400                __main_thread_stack_base__ = .
                0x20000800                . = (. + __process_stack_size__)
 *fill*         0x20000400      0x400 
                0x20000800                . = ALIGN (0x8)
                0x20000800                __process_stack_end__ = .
                0x20000800                __main_thread_stack_end__ = .

.data           0x20000800        0x0 load address 0x0800164f
                0x20000800                . = ALIGN (0x4)
                0x20000800                PROVIDE (_data, .)
 *(.data)
                0x20000800                . = ALIGN (0x4)
 *(.data.*)
                0x20000800                . = ALIGN (0x4)
 *(.ramtext)
                0x20000800                . = ALIGN (0x4)
                0x20000800                PROVIDE (_edata, .)

.igot.plt       0x20000800        0x0 load address 0x0800164f
 .igot.plt      0x00000000        0x0 ./os/src/chcond.o

.bss            0x20000800      0x328 load address 0x0800164f
                0x20000800                . = ALIGN (0x4)
                0x20000800                PROVIDE (_bss_start, .)
 *(.bss)
                0x20000800                . = ALIGN (0x4)
 *(.bss.*)
 .bss.mainthread.4505
                0x20000800       0x1c ./os/src/chsys.o
 .bss.dma_isr_redir
                0x2000081c       0x38 ./os/hal/stm32_dma.o
 .bss.dma_streams_mask
                0x20000854        0x4 ./os/hal/stm32_dma.o
 .bss.Clk       0x20000858        0xc ./kl_lib/clocking_f100.o
                0x20000858                Clk
 .bss.Uart      0x20000864       0xd4 ./kl_lib/kl_lib_f100.o
                0x20000864                Uart
 .bss.Keys      0x20000938        0x8 ./keys.o
                0x20000938                Keys
 .bss._ZL12waKeysThread
                0x20000940      0x100 ./keys.o
 .bss.Led       0x20000a40       0x30 ./led.o
                0x20000a40                Led
                0x20000a70                . = ALIGN (0x4)
 *(COMMON)
 COMMON         0x20000a70       0x14 ./os/src/chschd.o
                0x20000a70                rlist
 *fill*         0x20000a84        0x4 
 COMMON         0x20000a88       0x90 ./os/src/chsys.o
                0x20000a88                _idle_thread_wa
 COMMON         0x20000b18       0x10 ./os/src/chvt.o
                0x20000b18                vtlist
                0x20000b28                . = ALIGN (0x4)
                0x20000b28                PROVIDE (_bss_end, .)
                0x20000b28                PROVIDE (end, .)
                0x20000b28                _end = .
                0x20000b28                __heap_base__ = _end
                0x20001000                __heap_end__ = __ram_end__
OUTPUT(Calma04f100.elf elf32-littlearm)

.debug_info     0x00000000     0x9ff8
 .debug_info    0x00000000      0xa66 ./os/src/chevents.o
 .debug_info    0x00000a66      0x7ee ./os/src/chschd.o
 .debug_info    0x00001254      0x595 ./os/src/chsys.o
 .debug_info    0x000017e9      0x944 ./os/src/chthreads.o
 .debug_info    0x0000212d      0x292 ./os/src/chvt.o
 .debug_info    0x000023bf      0x69e ./os/hal/chcore_v7m.o
 .debug_info    0x00002a5d      0x26e ./os/hal/crt0.o
 .debug_info    0x00002ccb       0xb5 ./os/hal/hal.o
 .debug_info    0x00002d80      0x4d2 ./os/hal/hal_lld.o
 .debug_info    0x00003252      0x3ed ./os/hal/nvic.o
 .debug_info    0x0000363f      0x690 ./os/hal/stm32_dma.o
 .debug_info    0x00003ccf      0x1b3 ./os/hal/vectors.o
 .debug_info    0x00003e82      0x828 ./kl_lib/clocking_f100.o
 .debug_info    0x000046aa     0x2476 ./kl_lib/kl_lib_f100.o
 .debug_info    0x00006b20      0x33d ./kl_lib/kl_sprintf.o
 .debug_info    0x00006e5d      0xbbb ./keys.o
 .debug_info    0x00007a18     0x1148 ./led.o
 .debug_info    0x00008b60     0x1498 ./main.o

.debug_abbrev   0x00000000     0x28d4
 .debug_abbrev  0x00000000      0x2c1 ./os/src/chevents.o
 .debug_abbrev  0x000002c1      0x2fc ./os/src/chschd.o
 .debug_abbrev  0x000005bd      0x1fe ./os/src/chsys.o
 .debug_abbrev  0x000007bb      0x2d4 ./os/src/chthreads.o
 .debug_abbrev  0x00000a8f      0x164 ./os/src/chvt.o
 .debug_abbrev  0x00000bf3      0x1a9 ./os/hal/chcore_v7m.o
 .debug_abbrev  0x00000d9c       0xe9 ./os/hal/crt0.o
 .debug_abbrev  0x00000e85       0x88 ./os/hal/hal.o
 .debug_abbrev  0x00000f0d      0x17c ./os/hal/hal_lld.o
 .debug_abbrev  0x00001089      0x10e ./os/hal/nvic.o
 .debug_abbrev  0x00001197      0x216 ./os/hal/stm32_dma.o
 .debug_abbrev  0x000013ad       0xaf ./os/hal/vectors.o
 .debug_abbrev  0x0000145c      0x230 ./kl_lib/clocking_f100.o
 .debug_abbrev  0x0000168c      0x5e8 ./kl_lib/kl_lib_f100.o
 .debug_abbrev  0x00001c74      0x157 ./kl_lib/kl_sprintf.o
 .debug_abbrev  0x00001dcb      0x39a ./keys.o
 .debug_abbrev  0x00002165      0x377 ./led.o
 .debug_abbrev  0x000024dc      0x3f8 ./main.o

.debug_loc      0x00000000     0x29b5
 .debug_loc     0x00000000      0x4c4 ./os/src/chevents.o
 .debug_loc     0x000004c4      0x26a ./os/src/chschd.o
 .debug_loc     0x0000072e       0x26 ./os/src/chsys.o
 .debug_loc     0x00000754      0x2e3 ./os/src/chthreads.o
 .debug_loc     0x00000a37      0x142 ./os/src/chvt.o
 .debug_loc     0x00000b79       0x4d ./os/hal/chcore_v7m.o
 .debug_loc     0x00000bc6      0x120 ./os/hal/crt0.o
 .debug_loc     0x00000ce6      0x16a ./os/hal/nvic.o
 .debug_loc     0x00000e50      0x174 ./os/hal/stm32_dma.o
 .debug_loc     0x00000fc4      0x4fc ./kl_lib/clocking_f100.o
 .debug_loc     0x000014c0      0xd96 ./kl_lib/kl_lib_f100.o
 .debug_loc     0x00002256      0x322 ./kl_lib/kl_sprintf.o
 .debug_loc     0x00002578       0xdc ./keys.o
 .debug_loc     0x00002654      0x2e2 ./led.o
 .debug_loc     0x00002936       0x7f ./main.o

.debug_aranges  0x00000000      0x568
 .debug_aranges
                0x00000000       0x88 ./os/src/chevents.o
 .debug_aranges
                0x00000088       0x68 ./os/src/chschd.o
 .debug_aranges
                0x000000f0       0x30 ./os/src/chsys.o
 .debug_aranges
                0x00000120       0x70 ./os/src/chthreads.o
 .debug_aranges
                0x00000190       0x38 ./os/src/chvt.o
 .debug_aranges
                0x000001c8       0x50 ./os/hal/chcore_v7m.o
 .debug_aranges
                0x00000218       0x30 ./os/hal/crt0.o
 .debug_aranges
                0x00000248       0x20 ./os/hal/hal.o
 .debug_aranges
                0x00000268       0x20 ./os/hal/hal_lld.o
 .debug_aranges
                0x00000288       0x30 ./os/hal/nvic.o
 .debug_aranges
                0x000002b8       0x68 ./os/hal/stm32_dma.o
 .debug_aranges
                0x00000320       0x20 ./os/hal/vectors.o
 .debug_aranges
                0x00000340       0x70 ./kl_lib/clocking_f100.o
 .debug_aranges
                0x000003b0       0xe8 ./kl_lib/kl_lib_f100.o
 .debug_aranges
                0x00000498       0x28 ./kl_lib/kl_sprintf.o
 .debug_aranges
                0x000004c0       0x38 ./keys.o
 .debug_aranges
                0x000004f8       0x48 ./led.o
 .debug_aranges
                0x00000540       0x28 ./main.o

.debug_ranges   0x00000000      0x710
 .debug_ranges  0x00000000       0x78 ./os/src/chevents.o
 .debug_ranges  0x00000078       0xc8 ./os/src/chschd.o
 .debug_ranges  0x00000140       0x20 ./os/src/chsys.o
 .debug_ranges  0x00000160       0x90 ./os/src/chthreads.o
 .debug_ranges  0x000001f0       0x28 ./os/src/chvt.o
 .debug_ranges  0x00000218       0x40 ./os/hal/chcore_v7m.o
 .debug_ranges  0x00000258       0x20 ./os/hal/crt0.o
 .debug_ranges  0x00000278       0x10 ./os/hal/hal.o
 .debug_ranges  0x00000288       0x10 ./os/hal/hal_lld.o
 .debug_ranges  0x00000298       0x20 ./os/hal/nvic.o
 .debug_ranges  0x000002b8       0x58 ./os/hal/stm32_dma.o
 .debug_ranges  0x00000310       0x10 ./os/hal/vectors.o
 .debug_ranges  0x00000320       0xe8 ./kl_lib/clocking_f100.o
 .debug_ranges  0x00000408      0x1b0 ./kl_lib/kl_lib_f100.o
 .debug_ranges  0x000005b8       0x30 ./kl_lib/kl_sprintf.o
 .debug_ranges  0x000005e8       0x90 ./keys.o
 .debug_ranges  0x00000678       0x50 ./led.o
 .debug_ranges  0x000006c8       0x48 ./main.o

.debug_line     0x00000000     0x2138
 .debug_line    0x00000000      0x28e ./os/src/chevents.o
 .debug_line    0x0000028e      0x263 ./os/src/chschd.o
 .debug_line    0x000004f1      0x171 ./os/src/chsys.o
 .debug_line    0x00000662      0x254 ./os/src/chthreads.o
 .debug_line    0x000008b6      0x135 ./os/src/chvt.o
 .debug_line    0x000009eb      0x189 ./os/hal/chcore_v7m.o
 .debug_line    0x00000b74       0xe4 ./os/hal/crt0.o
 .debug_line    0x00000c58       0x99 ./os/hal/hal.o
 .debug_line    0x00000cf1       0xd6 ./os/hal/hal_lld.o
 .debug_line    0x00000dc7       0xb8 ./os/hal/nvic.o
 .debug_line    0x00000e7f      0x200 ./os/hal/stm32_dma.o
 .debug_line    0x0000107f       0x82 ./os/hal/vectors.o
 .debug_line    0x00001101      0x1f8 ./kl_lib/clocking_f100.o
 .debug_line    0x000012f9      0x651 ./kl_lib/kl_lib_f100.o
 .debug_line    0x0000194a      0x18e ./kl_lib/kl_sprintf.o
 .debug_line    0x00001ad8      0x220 ./keys.o
 .debug_line    0x00001cf8      0x254 ./led.o
 .debug_line    0x00001f4c      0x1ec ./main.o

.debug_str      0x00000000     0x220d
 .debug_str     0x00000000      0x3bb ./os/src/chevents.o
                                0x425 (size before relaxing)
 .debug_str     0x000003bb      0x130 ./os/src/chschd.o
                                0x3cc (size before relaxing)
 .debug_str     0x000004eb       0xb7 ./os/src/chsys.o
                                0x389 (size before relaxing)
 .debug_str     0x000005a2       0x9f ./os/src/chthreads.o
                                0x40c (size before relaxing)
 .debug_str     0x00000641       0x2e ./os/src/chvt.o
                                0x23c (size before relaxing)
 .debug_str     0x0000066f      0x106 ./os/hal/chcore_v7m.o
                                0x3af (size before relaxing)
 .debug_str     0x00000775       0xfe ./os/hal/crt0.o
                                0x274 (size before relaxing)
 .debug_str     0x00000873       0x32 ./os/hal/hal.o
                                0x19f (size before relaxing)
 .debug_str     0x000008a5      0x4f8 ./os/hal/hal_lld.o
                                0x611 (size before relaxing)
 .debug_str     0x00000d9d       0x8b ./os/hal/nvic.o
                                0x27e (size before relaxing)
 .debug_str     0x00000e28      0x39d ./os/hal/stm32_dma.o
                                0x610 (size before relaxing)
 .debug_str     0x000011c5      0x11c ./os/hal/vectors.o
                                0x2a5 (size before relaxing)
 .debug_str     0x000012e1       0xd4 ./kl_lib/clocking_f100.o
                                0x6cb (size before relaxing)
 .debug_str     0x000013b5      0x91d ./kl_lib/kl_lib_f100.o
                               0x11e2 (size before relaxing)
 .debug_str     0x00001cd2       0x65 ./kl_lib/kl_sprintf.o
                                0x23b (size before relaxing)
 .debug_str     0x00001d37       0xfe ./keys.o
                                0x89d (size before relaxing)
 .debug_str     0x00001e35      0x1da ./led.o
                                0xb35 (size before relaxing)
 .debug_str     0x0000200f      0x1fe ./main.o
                                0xf37 (size before relaxing)

.comment        0x00000000       0x70
 .comment       0x00000000       0x70 ./os/src/chevents.o
                                 0x71 (size before relaxing)
 .comment       0x00000000       0x71 ./os/src/chschd.o
 .comment       0x00000000       0x71 ./os/src/chsys.o
 .comment       0x00000000       0x71 ./os/src/chthreads.o
 .comment       0x00000000       0x71 ./os/src/chvt.o
 .comment       0x00000000       0x71 ./os/hal/chcore_v7m.o
 .comment       0x00000000       0x71 ./os/hal/crt0.o
 .comment       0x00000000       0x71 ./os/hal/hal.o
 .comment       0x00000000       0x71 ./os/hal/hal_lld.o
 .comment       0x00000000       0x71 ./os/hal/nvic.o
 .comment       0x00000000       0x71 ./os/hal/stm32_dma.o
 .comment       0x00000000       0x71 ./os/hal/vectors.o
 .comment       0x00000000       0x71 ./kl_lib/clocking_f100.o
 .comment       0x00000000       0x71 ./kl_lib/kl_lib_f100.o
 .comment       0x00000000       0x71 ./kl_lib/kl_sprintf.o
 .comment       0x00000000       0x71 ./keys.o
 .comment       0x00000000       0x71 ./led.o
 .comment       0x00000000       0x71 ./main.o

.ARM.attributes
                0x00000000       0x33
 .ARM.attributes
                0x00000000       0x33 ./os/src/chevents.o
 .ARM.attributes
                0x00000033       0x33 ./os/src/chschd.o
 .ARM.attributes
                0x00000066       0x33 ./os/src/chsys.o
 .ARM.attributes
                0x00000099       0x33 ./os/src/chthreads.o
 .ARM.attributes
                0x000000cc       0x33 ./os/src/chvt.o
 .ARM.attributes
                0x000000ff       0x33 ./os/hal/chcore_v7m.o
 .ARM.attributes
                0x00000132       0x33 ./os/hal/crt0.o
 .ARM.attributes
                0x00000165       0x33 ./os/hal/hal.o
 .ARM.attributes
                0x00000198       0x33 ./os/hal/hal_lld.o
 .ARM.attributes
                0x000001cb       0x33 ./os/hal/nvic.o
 .ARM.attributes
                0x000001fe       0x33 ./os/hal/stm32_dma.o
 .ARM.attributes
                0x00000231       0x33 ./os/hal/vectors.o
 .ARM.attributes
                0x00000264       0x33 ./kl_lib/clocking_f100.o
 .ARM.attributes
                0x00000297       0x33 ./kl_lib/kl_lib_f100.o
 .ARM.attributes
                0x000002ca       0x33 ./kl_lib/kl_sprintf.o
 .ARM.attributes
                0x000002fd       0x33 ./keys.o
 .ARM.attributes
                0x00000330       0x33 ./led.o
 .ARM.attributes
                0x00000363       0x33 ./main.o

.debug_frame    0x00000000      0xb98
 .debug_frame   0x00000000      0x164 ./os/src/chevents.o
 .debug_frame   0x00000164       0xe4 ./os/src/chschd.o
 .debug_frame   0x00000248       0x58 ./os/src/chsys.o
 .debug_frame   0x000002a0      0x10c ./os/src/chthreads.o
 .debug_frame   0x000003ac       0x68 ./os/src/chvt.o
 .debug_frame   0x00000414       0x90 ./os/hal/chcore_v7m.o
 .debug_frame   0x000004a4       0x40 ./os/hal/crt0.o
 .debug_frame   0x000004e4       0x20 ./os/hal/hal.o
 .debug_frame   0x00000504       0x20 ./os/hal/hal_lld.o
 .debug_frame   0x00000524       0x54 ./os/hal/nvic.o
 .debug_frame   0x00000578      0x100 ./os/hal/stm32_dma.o
 .debug_frame   0x00000678       0x20 ./os/hal/vectors.o
 .debug_frame   0x00000698       0xfc ./kl_lib/clocking_f100.o
 .debug_frame   0x00000794      0x260 ./kl_lib/kl_lib_f100.o
 .debug_frame   0x000009f4       0x54 ./kl_lib/kl_sprintf.o
 .debug_frame   0x00000a48       0x6c ./keys.o
 .debug_frame   0x00000ab4       0xa4 ./led.o
 .debug_frame   0x00000b58       0x40 ./main.o
