Archive member included because of file (symbol)

c:/ostrannastudio/tools/gcc/bin/../lib/gcc/arm-none-eabi/4.8.3/armv6-m\libgcc.a(_thumb1_case_uqi.o)
                              ./kl_lib/led_smooth.o (__gnu_thumb1_case_uqi)
c:/ostrannastudio/tools/gcc/bin/../lib/gcc/arm-none-eabi/4.8.3/armv6-m\libgcc.a(_udivsi3.o)
                              ./os/hal/hal_lld.o (__aeabi_uidiv)
c:/ostrannastudio/tools/gcc/bin/../lib/gcc/arm-none-eabi/4.8.3/armv6-m\libgcc.a(_dvmd_tls.o)
                              c:/ostrannastudio/tools/gcc/bin/../lib/gcc/arm-none-eabi/4.8.3/armv6-m\libgcc.a(_udivsi3.o) (__aeabi_idiv0)
c:/ostrannastudio/tools/gcc/bin/../lib/gcc/arm-none-eabi/4.8.3/../../../../arm-none-eabi/lib/armv6-m\libc.a(lib_a-exit.o)
                              c:/ostrannastudio/tools/gcc/bin/../lib/gcc/arm-none-eabi/4.8.3/../../../../arm-none-eabi/lib/armv6-m/crt0.o (exit)
c:/ostrannastudio/tools/gcc/bin/../lib/gcc/arm-none-eabi/4.8.3/../../../../arm-none-eabi/lib/armv6-m\libc.a(lib_a-impure.o)
                              c:/ostrannastudio/tools/gcc/bin/../lib/gcc/arm-none-eabi/4.8.3/../../../../arm-none-eabi/lib/armv6-m\libc.a(lib_a-exit.o) (_global_impure_ptr)
c:/ostrannastudio/tools/gcc/bin/../lib/gcc/arm-none-eabi/4.8.3/../../../../arm-none-eabi/lib/armv6-m\libc.a(lib_a-init.o)
                              c:/ostrannastudio/tools/gcc/bin/../lib/gcc/arm-none-eabi/4.8.3/../../../../arm-none-eabi/lib/armv6-m/crt0.o (__libc_init_array)
c:/ostrannastudio/tools/gcc/bin/../lib/gcc/arm-none-eabi/4.8.3/../../../../arm-none-eabi/lib/armv6-m\libc.a(lib_a-memcpy-stub.o)
                              ./kl_lib/clocking_f0.o (memcpy)
c:/ostrannastudio/tools/gcc/bin/../lib/gcc/arm-none-eabi/4.8.3/../../../../arm-none-eabi/lib/armv6-m\libc.a(lib_a-memset.o)
                              c:/ostrannastudio/tools/gcc/bin/../lib/gcc/arm-none-eabi/4.8.3/../../../../arm-none-eabi/lib/armv6-m/crt0.o (memset)
c:/ostrannastudio/tools/gcc/bin/../lib/gcc/arm-none-eabi/4.8.3/../../../../arm-none-eabi/lib/armv6-m\libc.a(lib_a-__call_atexit.o)
                              c:/ostrannastudio/tools/gcc/bin/../lib/gcc/arm-none-eabi/4.8.3/../../../../arm-none-eabi/lib/armv6-m\libc.a(lib_a-exit.o) (__call_exitprocs)
c:/ostrannastudio/tools/gcc/bin/../lib/gcc/arm-none-eabi/4.8.3/../../../../arm-none-eabi/lib/armv6-m\libc.a(lib_a-atexit.o)
                              c:/ostrannastudio/tools/gcc/bin/../lib/gcc/arm-none-eabi/4.8.3/../../../../arm-none-eabi/lib/armv6-m\libc.a(lib_a-__call_atexit.o) (atexit)
c:/ostrannastudio/tools/gcc/bin/../lib/gcc/arm-none-eabi/4.8.3/../../../../arm-none-eabi/lib/armv6-m\libc.a(lib_a-fini.o)
                              c:/ostrannastudio/tools/gcc/bin/../lib/gcc/arm-none-eabi/4.8.3/../../../../arm-none-eabi/lib/armv6-m\libc.a(lib_a-__call_atexit.o) (__libc_fini_array)
c:/ostrannastudio/tools/gcc/bin/../lib/gcc/arm-none-eabi/4.8.3/../../../../arm-none-eabi/lib/armv6-m\libc.a(lib_a-__atexit.o)
                              c:/ostrannastudio/tools/gcc/bin/../lib/gcc/arm-none-eabi/4.8.3/../../../../arm-none-eabi/lib/armv6-m\libc.a(lib_a-atexit.o) (__register_exitproc)

Allocating common symbols
Common symbol       size              file

dbg_panic_msg       0x4               ./os/kernel/src/chdebug.o
dbg_isr_cnt         0x4               ./os/kernel/src/chdebug.o
vtlist              0x10              ./os/kernel/src/chvt.o
rlist               0x1c              ./os/kernel/src/chschd.o
dbg_lock_cnt        0x4               ./os/kernel/src/chdebug.o
_idle_thread_wa     0xc8              ./os/kernel/src/chsys.o

Discarded input sections

 .text          0x00000000        0x0 c:/ostrannastudio/tools/gcc/bin/../lib/gcc/arm-none-eabi/4.8.3/armv6-m/crti.o
 .data          0x00000000        0x0 c:/ostrannastudio/tools/gcc/bin/../lib/gcc/arm-none-eabi/4.8.3/armv6-m/crti.o
 .bss           0x00000000        0x0 c:/ostrannastudio/tools/gcc/bin/../lib/gcc/arm-none-eabi/4.8.3/armv6-m/crti.o
 .init          0x00000000        0x4 c:/ostrannastudio/tools/gcc/bin/../lib/gcc/arm-none-eabi/4.8.3/armv6-m/crti.o
 .data          0x00000000        0x4 c:/ostrannastudio/tools/gcc/bin/../lib/gcc/arm-none-eabi/4.8.3/armv6-m/crtbegin.o
 .text          0x00000000       0x78 c:/ostrannastudio/tools/gcc/bin/../lib/gcc/arm-none-eabi/4.8.3/../../../../arm-none-eabi/lib/armv6-m/crt0.o
 .data          0x00000000        0x0 c:/ostrannastudio/tools/gcc/bin/../lib/gcc/arm-none-eabi/4.8.3/../../../../arm-none-eabi/lib/armv6-m/crt0.o
 .bss           0x00000000        0x0 c:/ostrannastudio/tools/gcc/bin/../lib/gcc/arm-none-eabi/4.8.3/../../../../arm-none-eabi/lib/armv6-m/crt0.o
 .ARM.extab     0x00000000        0x0 c:/ostrannastudio/tools/gcc/bin/../lib/gcc/arm-none-eabi/4.8.3/../../../../arm-none-eabi/lib/armv6-m/crt0.o
 .ARM.exidx     0x00000000        0x8 c:/ostrannastudio/tools/gcc/bin/../lib/gcc/arm-none-eabi/4.8.3/../../../../arm-none-eabi/lib/armv6-m/crt0.o
 .ARM.attributes
                0x00000000       0x1b c:/ostrannastudio/tools/gcc/bin/../lib/gcc/arm-none-eabi/4.8.3/../../../../arm-none-eabi/lib/armv6-m/crt0.o
 .text          0x00000000        0x0 ./os/kernel/src/chcond.o
 .data          0x00000000        0x0 ./os/kernel/src/chcond.o
 .bss           0x00000000        0x0 ./os/kernel/src/chcond.o
 .comment       0x00000000       0x71 ./os/kernel/src/chcond.o
 .ARM.attributes
                0x00000000       0x31 ./os/kernel/src/chcond.o
 .text          0x00000000        0x0 ./os/kernel/src/chdebug.o
 .data          0x00000000        0x0 ./os/kernel/src/chdebug.o
 .bss           0x00000000        0x0 ./os/kernel/src/chdebug.o
 .text.dbg_check_disable
                0x00000000       0x30 ./os/kernel/src/chdebug.o
 .text.dbg_check_suspend
                0x00000000       0x30 ./os/kernel/src/chdebug.o
 .text          0x00000000        0x0 ./os/kernel/src/chdynamic.o
 .data          0x00000000        0x0 ./os/kernel/src/chdynamic.o
 .bss           0x00000000        0x0 ./os/kernel/src/chdynamic.o
 .comment       0x00000000       0x71 ./os/kernel/src/chdynamic.o
 .ARM.attributes
                0x00000000       0x31 ./os/kernel/src/chdynamic.o
 .text          0x00000000        0x0 ./os/kernel/src/chevents.o
 .data          0x00000000        0x0 ./os/kernel/src/chevents.o
 .bss           0x00000000        0x0 ./os/kernel/src/chevents.o
 .comment       0x00000000       0x71 ./os/kernel/src/chevents.o
 .ARM.attributes
                0x00000000       0x31 ./os/kernel/src/chevents.o
 .text          0x00000000        0x0 ./os/kernel/src/chheap.o
 .data          0x00000000        0x0 ./os/kernel/src/chheap.o
 .bss           0x00000000        0x0 ./os/kernel/src/chheap.o
 .comment       0x00000000       0x71 ./os/kernel/src/chheap.o
 .ARM.attributes
                0x00000000       0x31 ./os/kernel/src/chheap.o
 .text          0x00000000        0x0 ./os/kernel/src/chlists.o
 .data          0x00000000        0x0 ./os/kernel/src/chlists.o
 .bss           0x00000000        0x0 ./os/kernel/src/chlists.o
 .comment       0x00000000       0x71 ./os/kernel/src/chlists.o
 .ARM.attributes
                0x00000000       0x31 ./os/kernel/src/chlists.o
 .text          0x00000000        0x0 ./os/kernel/src/chmboxes.o
 .data          0x00000000        0x0 ./os/kernel/src/chmboxes.o
 .bss           0x00000000        0x0 ./os/kernel/src/chmboxes.o
 .comment       0x00000000       0x71 ./os/kernel/src/chmboxes.o
 .ARM.attributes
                0x00000000       0x31 ./os/kernel/src/chmboxes.o
 .text          0x00000000        0x0 ./os/kernel/src/chmemcore.o
 .data          0x00000000        0x0 ./os/kernel/src/chmemcore.o
 .bss           0x00000000        0x0 ./os/kernel/src/chmemcore.o
 .comment       0x00000000       0x71 ./os/kernel/src/chmemcore.o
 .ARM.attributes
                0x00000000       0x31 ./os/kernel/src/chmemcore.o
 .text          0x00000000        0x0 ./os/kernel/src/chmempools.o
 .data          0x00000000        0x0 ./os/kernel/src/chmempools.o
 .bss           0x00000000        0x0 ./os/kernel/src/chmempools.o
 .comment       0x00000000       0x71 ./os/kernel/src/chmempools.o
 .ARM.attributes
                0x00000000       0x31 ./os/kernel/src/chmempools.o
 .text          0x00000000        0x0 ./os/kernel/src/chmsg.o
 .data          0x00000000        0x0 ./os/kernel/src/chmsg.o
 .bss           0x00000000        0x0 ./os/kernel/src/chmsg.o
 .comment       0x00000000       0x71 ./os/kernel/src/chmsg.o
 .ARM.attributes
                0x00000000       0x31 ./os/kernel/src/chmsg.o
 .text          0x00000000        0x0 ./os/kernel/src/chmtx.o
 .data          0x00000000        0x0 ./os/kernel/src/chmtx.o
 .bss           0x00000000        0x0 ./os/kernel/src/chmtx.o
 .comment       0x00000000       0x71 ./os/kernel/src/chmtx.o
 .ARM.attributes
                0x00000000       0x31 ./os/kernel/src/chmtx.o
 .text          0x00000000        0x0 ./os/kernel/src/chqueues.o
 .data          0x00000000        0x0 ./os/kernel/src/chqueues.o
 .bss           0x00000000        0x0 ./os/kernel/src/chqueues.o
 .comment       0x00000000       0x71 ./os/kernel/src/chqueues.o
 .ARM.attributes
                0x00000000       0x31 ./os/kernel/src/chqueues.o
 .text          0x00000000        0x0 ./os/kernel/src/chregistry.o
 .data          0x00000000        0x0 ./os/kernel/src/chregistry.o
 .bss           0x00000000        0x0 ./os/kernel/src/chregistry.o
 .text.chRegFirstThread
                0x00000000       0x1c ./os/kernel/src/chregistry.o
 .text.chRegNextThread
                0x00000000       0x28 ./os/kernel/src/chregistry.o
 .text          0x00000000        0x0 ./os/kernel/src/chschd.o
 .data          0x00000000        0x0 ./os/kernel/src/chschd.o
 .bss           0x00000000        0x0 ./os/kernel/src/chschd.o
 .text.chSchRescheduleS
                0x00000000       0x20 ./os/kernel/src/chschd.o
 .text          0x00000000        0x0 ./os/kernel/src/chsem.o
 .data          0x00000000        0x0 ./os/kernel/src/chsem.o
 .bss           0x00000000        0x0 ./os/kernel/src/chsem.o
 .comment       0x00000000       0x71 ./os/kernel/src/chsem.o
 .ARM.attributes
                0x00000000       0x31 ./os/kernel/src/chsem.o
 .text          0x00000000        0x0 ./os/kernel/src/chsys.o
 .data          0x00000000        0x0 ./os/kernel/src/chsys.o
 .bss           0x00000000        0x0 ./os/kernel/src/chsys.o
 .text          0x00000000        0x0 ./os/kernel/src/chthreads.o
 .data          0x00000000        0x0 ./os/kernel/src/chthreads.o
 .bss           0x00000000        0x0 ./os/kernel/src/chthreads.o
 .text.chThdSetPriority
                0x00000000       0x34 ./os/kernel/src/chthreads.o
 .text.chThdResume
                0x00000000       0x30 ./os/kernel/src/chthreads.o
 .text.chThdTerminate
                0x00000000       0x1c ./os/kernel/src/chthreads.o
 .text.chThdSleepUntil
                0x00000000       0x24 ./os/kernel/src/chthreads.o
 .text.chThdYield
                0x00000000       0x28 ./os/kernel/src/chthreads.o
 .text.chThdWait
                0x00000000       0x50 ./os/kernel/src/chthreads.o
 .text          0x00000000        0x0 ./os/kernel/src/chvt.o
 .data          0x00000000        0x0 ./os/kernel/src/chvt.o
 .bss           0x00000000        0x0 ./os/kernel/src/chvt.o
 .text          0x00000000        0x0 ./os/hal/chcore.o
 .data          0x00000000        0x0 ./os/hal/chcore.o
 .bss           0x00000000        0x0 ./os/hal/chcore.o
 .text          0x00000000        0x0 ./os/hal/chcore_v6m.o
 .data          0x00000000        0x0 ./os/hal/chcore_v6m.o
 .bss           0x00000000        0x0 ./os/hal/chcore_v6m.o
 .text          0x00000000        0x0 ./os/hal/crt0.o
 .data          0x00000000        0x0 ./os/hal/crt0.o
 .bss           0x00000000        0x0 ./os/hal/crt0.o
 .text.__early_init
                0x00000000        0x2 ./os/hal/crt0.o
 .text          0x00000000        0x0 ./os/hal/hal.o
 .data          0x00000000        0x0 ./os/hal/hal.o
 .bss           0x00000000        0x0 ./os/hal/hal.o
 .text          0x00000000        0x0 ./os/hal/hal_lld.o
 .data          0x00000000        0x0 ./os/hal/hal_lld.o
 .bss           0x00000000        0x0 ./os/hal/hal_lld.o
 .text          0x00000000        0x0 ./os/hal/nvic.o
 .data          0x00000000        0x0 ./os/hal/nvic.o
 .bss           0x00000000        0x0 ./os/hal/nvic.o
 .text.nvicDisableVector
                0x00000000       0x38 ./os/hal/nvic.o
 .text          0x00000000        0x0 ./os/hal/stm32_dma.o
 .data          0x00000000        0x0 ./os/hal/stm32_dma.o
 .bss           0x00000000        0x0 ./os/hal/stm32_dma.o
 .text.dmaStreamRelease
                0x00000000       0x58 ./os/hal/stm32_dma.o
 .text          0x00000000        0x0 ./os/hal/vectors.o
 .data          0x00000000        0x0 ./os/hal/vectors.o
 .bss           0x00000000        0x0 ./os/hal/vectors.o
 .text          0x00000000        0x0 ./kl_lib/clocking_f0.o
 .data          0x00000000        0x0 ./kl_lib/clocking_f0.o
 .bss           0x00000000        0x0 ./kl_lib/clocking_f0.o
 .text._ZN5Clk_t9HSEEnableEv
                0x00000000       0x28 ./kl_lib/clocking_f0.o
 .text._ZN5Clk_t9HSIEnableEv
                0x00000000       0x28 ./kl_lib/clocking_f0.o
 .text._ZN5Clk_t9PLLEnableEv
                0x00000000       0x28 ./kl_lib/clocking_f0.o
 .text._ZN5Clk_t11SwitchToHSIEv
                0x00000000       0x2c ./kl_lib/clocking_f0.o
 .text._ZN5Clk_t11SwitchToHSEEv
                0x00000000       0x30 ./kl_lib/clocking_f0.o
 .text._ZN5Clk_t11SwitchToPLLEv
                0x00000000       0x40 ./kl_lib/clocking_f0.o
 .text._ZN5Clk_t16SetupPLLDividersEh8PllMul_t
                0x00000000       0x3c ./kl_lib/clocking_f0.o
 .text          0x00000000        0x0 ./kl_lib/kl_lib_f0.o
 .data          0x00000000        0x0 ./kl_lib/kl_lib_f0.o
 .bss           0x00000000        0x0 ./kl_lib/kl_lib_f0.o
 .text._init    0x00000000        0x2 ./kl_lib/kl_lib_f0.o
 .text          0x00000000        0x0 ./kl_lib/led_smooth.o
 .data          0x00000000        0x0 ./kl_lib/led_smooth.o
 .bss           0x00000000        0x0 ./kl_lib/led_smooth.o
 .text._init    0x00000000        0x2 ./kl_lib/led_smooth.o
 .text          0x00000000        0x0 ./kl_lib/tiny_sprintf.o
 .data          0x00000000        0x0 ./kl_lib/tiny_sprintf.o
 .bss           0x00000000        0x0 ./kl_lib/tiny_sprintf.o
 .text._Z12tiny_sprintfPcPKcz
                0x00000000       0x18 ./kl_lib/tiny_sprintf.o
 .text          0x00000000        0x0 ./main.o
 .data          0x00000000        0x0 ./main.o
 .bss           0x00000000        0x0 ./main.o
 .text._init    0x00000000        0x2 ./main.o
 .data          0x00000000        0x0 c:/ostrannastudio/tools/gcc/bin/../lib/gcc/arm-none-eabi/4.8.3/armv6-m\libgcc.a(_thumb1_case_uqi.o)
 .bss           0x00000000        0x0 c:/ostrannastudio/tools/gcc/bin/../lib/gcc/arm-none-eabi/4.8.3/armv6-m\libgcc.a(_thumb1_case_uqi.o)
 .data          0x00000000        0x0 c:/ostrannastudio/tools/gcc/bin/../lib/gcc/arm-none-eabi/4.8.3/armv6-m\libgcc.a(_udivsi3.o)
 .bss           0x00000000        0x0 c:/ostrannastudio/tools/gcc/bin/../lib/gcc/arm-none-eabi/4.8.3/armv6-m\libgcc.a(_udivsi3.o)
 .data          0x00000000        0x0 c:/ostrannastudio/tools/gcc/bin/../lib/gcc/arm-none-eabi/4.8.3/armv6-m\libgcc.a(_dvmd_tls.o)
 .bss           0x00000000        0x0 c:/ostrannastudio/tools/gcc/bin/../lib/gcc/arm-none-eabi/4.8.3/armv6-m\libgcc.a(_dvmd_tls.o)
 .text          0x00000000        0x0 c:/ostrannastudio/tools/gcc/bin/../lib/gcc/arm-none-eabi/4.8.3/../../../../arm-none-eabi/lib/armv6-m\libc.a(lib_a-exit.o)
 .data          0x00000000        0x0 c:/ostrannastudio/tools/gcc/bin/../lib/gcc/arm-none-eabi/4.8.3/../../../../arm-none-eabi/lib/armv6-m\libc.a(lib_a-exit.o)
 .bss           0x00000000        0x0 c:/ostrannastudio/tools/gcc/bin/../lib/gcc/arm-none-eabi/4.8.3/../../../../arm-none-eabi/lib/armv6-m\libc.a(lib_a-exit.o)
 .text.exit     0x00000000       0x20 c:/ostrannastudio/tools/gcc/bin/../lib/gcc/arm-none-eabi/4.8.3/../../../../arm-none-eabi/lib/armv6-m\libc.a(lib_a-exit.o)
 .ARM.attributes
                0x00000000       0x2c c:/ostrannastudio/tools/gcc/bin/../lib/gcc/arm-none-eabi/4.8.3/../../../../arm-none-eabi/lib/armv6-m\libc.a(lib_a-exit.o)
 .debug_frame   0x00000000       0x28 c:/ostrannastudio/tools/gcc/bin/../lib/gcc/arm-none-eabi/4.8.3/../../../../arm-none-eabi/lib/armv6-m\libc.a(lib_a-exit.o)
 .text          0x00000000        0x0 c:/ostrannastudio/tools/gcc/bin/../lib/gcc/arm-none-eabi/4.8.3/../../../../arm-none-eabi/lib/armv6-m\libc.a(lib_a-impure.o)
 .data          0x00000000        0x0 c:/ostrannastudio/tools/gcc/bin/../lib/gcc/arm-none-eabi/4.8.3/../../../../arm-none-eabi/lib/armv6-m\libc.a(lib_a-impure.o)
 .bss           0x00000000        0x0 c:/ostrannastudio/tools/gcc/bin/../lib/gcc/arm-none-eabi/4.8.3/../../../../arm-none-eabi/lib/armv6-m\libc.a(lib_a-impure.o)
 .data._impure_ptr
                0x00000000        0x4 c:/ostrannastudio/tools/gcc/bin/../lib/gcc/arm-none-eabi/4.8.3/../../../../arm-none-eabi/lib/armv6-m\libc.a(lib_a-impure.o)
 .text          0x00000000        0x0 c:/ostrannastudio/tools/gcc/bin/../lib/gcc/arm-none-eabi/4.8.3/../../../../arm-none-eabi/lib/armv6-m\libc.a(lib_a-init.o)
 .data          0x00000000        0x0 c:/ostrannastudio/tools/gcc/bin/../lib/gcc/arm-none-eabi/4.8.3/../../../../arm-none-eabi/lib/armv6-m\libc.a(lib_a-init.o)
 .bss           0x00000000        0x0 c:/ostrannastudio/tools/gcc/bin/../lib/gcc/arm-none-eabi/4.8.3/../../../../arm-none-eabi/lib/armv6-m\libc.a(lib_a-init.o)
 .text.__libc_init_array
                0x00000000       0x48 c:/ostrannastudio/tools/gcc/bin/../lib/gcc/arm-none-eabi/4.8.3/../../../../arm-none-eabi/lib/armv6-m\libc.a(lib_a-init.o)
 .ARM.attributes
                0x00000000       0x2c c:/ostrannastudio/tools/gcc/bin/../lib/gcc/arm-none-eabi/4.8.3/../../../../arm-none-eabi/lib/armv6-m\libc.a(lib_a-init.o)
 .debug_frame   0x00000000       0x2c c:/ostrannastudio/tools/gcc/bin/../lib/gcc/arm-none-eabi/4.8.3/../../../../arm-none-eabi/lib/armv6-m\libc.a(lib_a-init.o)
 .text          0x00000000        0x0 c:/ostrannastudio/tools/gcc/bin/../lib/gcc/arm-none-eabi/4.8.3/../../../../arm-none-eabi/lib/armv6-m\libc.a(lib_a-memcpy-stub.o)
 .data          0x00000000        0x0 c:/ostrannastudio/tools/gcc/bin/../lib/gcc/arm-none-eabi/4.8.3/../../../../arm-none-eabi/lib/armv6-m\libc.a(lib_a-memcpy-stub.o)
 .bss           0x00000000        0x0 c:/ostrannastudio/tools/gcc/bin/../lib/gcc/arm-none-eabi/4.8.3/../../../../arm-none-eabi/lib/armv6-m\libc.a(lib_a-memcpy-stub.o)
 .text          0x00000000        0x0 c:/ostrannastudio/tools/gcc/bin/../lib/gcc/arm-none-eabi/4.8.3/../../../../arm-none-eabi/lib/armv6-m\libc.a(lib_a-memset.o)
 .data          0x00000000        0x0 c:/ostrannastudio/tools/gcc/bin/../lib/gcc/arm-none-eabi/4.8.3/../../../../arm-none-eabi/lib/armv6-m\libc.a(lib_a-memset.o)
 .bss           0x00000000        0x0 c:/ostrannastudio/tools/gcc/bin/../lib/gcc/arm-none-eabi/4.8.3/../../../../arm-none-eabi/lib/armv6-m\libc.a(lib_a-memset.o)
 .text.memset   0x00000000       0xbc c:/ostrannastudio/tools/gcc/bin/../lib/gcc/arm-none-eabi/4.8.3/../../../../arm-none-eabi/lib/armv6-m\libc.a(lib_a-memset.o)
 .ARM.attributes
                0x00000000       0x2c c:/ostrannastudio/tools/gcc/bin/../lib/gcc/arm-none-eabi/4.8.3/../../../../arm-none-eabi/lib/armv6-m\libc.a(lib_a-memset.o)
 .debug_frame   0x00000000       0x38 c:/ostrannastudio/tools/gcc/bin/../lib/gcc/arm-none-eabi/4.8.3/../../../../arm-none-eabi/lib/armv6-m\libc.a(lib_a-memset.o)
 .text          0x00000000        0x0 c:/ostrannastudio/tools/gcc/bin/../lib/gcc/arm-none-eabi/4.8.3/../../../../arm-none-eabi/lib/armv6-m\libc.a(lib_a-__call_atexit.o)
 .data          0x00000000        0x0 c:/ostrannastudio/tools/gcc/bin/../lib/gcc/arm-none-eabi/4.8.3/../../../../arm-none-eabi/lib/armv6-m\libc.a(lib_a-__call_atexit.o)
 .bss           0x00000000        0x0 c:/ostrannastudio/tools/gcc/bin/../lib/gcc/arm-none-eabi/4.8.3/../../../../arm-none-eabi/lib/armv6-m\libc.a(lib_a-__call_atexit.o)
 .text.__call_exitprocs
                0x00000000      0x118 c:/ostrannastudio/tools/gcc/bin/../lib/gcc/arm-none-eabi/4.8.3/../../../../arm-none-eabi/lib/armv6-m\libc.a(lib_a-__call_atexit.o)
 .text          0x00000000        0x0 c:/ostrannastudio/tools/gcc/bin/../lib/gcc/arm-none-eabi/4.8.3/../../../../arm-none-eabi/lib/armv6-m\libc.a(lib_a-atexit.o)
 .data          0x00000000        0x0 c:/ostrannastudio/tools/gcc/bin/../lib/gcc/arm-none-eabi/4.8.3/../../../../arm-none-eabi/lib/armv6-m\libc.a(lib_a-atexit.o)
 .bss           0x00000000        0x0 c:/ostrannastudio/tools/gcc/bin/../lib/gcc/arm-none-eabi/4.8.3/../../../../arm-none-eabi/lib/armv6-m\libc.a(lib_a-atexit.o)
 .text          0x00000000        0x0 c:/ostrannastudio/tools/gcc/bin/../lib/gcc/arm-none-eabi/4.8.3/../../../../arm-none-eabi/lib/armv6-m\libc.a(lib_a-fini.o)
 .data          0x00000000        0x0 c:/ostrannastudio/tools/gcc/bin/../lib/gcc/arm-none-eabi/4.8.3/../../../../arm-none-eabi/lib/armv6-m\libc.a(lib_a-fini.o)
 .bss           0x00000000        0x0 c:/ostrannastudio/tools/gcc/bin/../lib/gcc/arm-none-eabi/4.8.3/../../../../arm-none-eabi/lib/armv6-m\libc.a(lib_a-fini.o)
 .text          0x00000000        0x0 c:/ostrannastudio/tools/gcc/bin/../lib/gcc/arm-none-eabi/4.8.3/../../../../arm-none-eabi/lib/armv6-m\libc.a(lib_a-__atexit.o)
 .data          0x00000000        0x0 c:/ostrannastudio/tools/gcc/bin/../lib/gcc/arm-none-eabi/4.8.3/../../../../arm-none-eabi/lib/armv6-m\libc.a(lib_a-__atexit.o)
 .bss           0x00000000        0x0 c:/ostrannastudio/tools/gcc/bin/../lib/gcc/arm-none-eabi/4.8.3/../../../../arm-none-eabi/lib/armv6-m\libc.a(lib_a-__atexit.o)
 .text          0x00000000        0x0 c:/ostrannastudio/tools/gcc/bin/../lib/gcc/arm-none-eabi/4.8.3/armv6-m/crtend.o
 .data          0x00000000        0x0 c:/ostrannastudio/tools/gcc/bin/../lib/gcc/arm-none-eabi/4.8.3/armv6-m/crtend.o
 .bss           0x00000000        0x0 c:/ostrannastudio/tools/gcc/bin/../lib/gcc/arm-none-eabi/4.8.3/armv6-m/crtend.o
 .eh_frame      0x00000000        0x4 c:/ostrannastudio/tools/gcc/bin/../lib/gcc/arm-none-eabi/4.8.3/armv6-m/crtend.o
 .jcr           0x00000000        0x4 c:/ostrannastudio/tools/gcc/bin/../lib/gcc/arm-none-eabi/4.8.3/armv6-m/crtend.o
 .ARM.attributes
                0x00000000       0x2c c:/ostrannastudio/tools/gcc/bin/../lib/gcc/arm-none-eabi/4.8.3/armv6-m/crtend.o
 .text          0x00000000        0x0 c:/ostrannastudio/tools/gcc/bin/../lib/gcc/arm-none-eabi/4.8.3/armv6-m/crtn.o
 .data          0x00000000        0x0 c:/ostrannastudio/tools/gcc/bin/../lib/gcc/arm-none-eabi/4.8.3/armv6-m/crtn.o
 .bss           0x00000000        0x0 c:/ostrannastudio/tools/gcc/bin/../lib/gcc/arm-none-eabi/4.8.3/armv6-m/crtn.o
 .init          0x00000000        0x8 c:/ostrannastudio/tools/gcc/bin/../lib/gcc/arm-none-eabi/4.8.3/armv6-m/crtn.o
 .fini          0x00000000        0x8 c:/ostrannastudio/tools/gcc/bin/../lib/gcc/arm-none-eabi/4.8.3/armv6-m/crtn.o
 .ARM.attributes
                0x00000000       0x1e c:/ostrannastudio/tools/gcc/bin/../lib/gcc/arm-none-eabi/4.8.3/armv6-m/crtn.o

Memory Configuration

Name             Origin             Length             Attributes
flash            0x08000000         0x00010000
ram              0x20000000         0x00002000
*default*        0x00000000         0xffffffff

Linker script and memory map

LOAD c:/ostrannastudio/tools/gcc/bin/../lib/gcc/arm-none-eabi/4.8.3/armv6-m/crti.o
LOAD c:/ostrannastudio/tools/gcc/bin/../lib/gcc/arm-none-eabi/4.8.3/armv6-m/crtbegin.o
LOAD c:/ostrannastudio/tools/gcc/bin/../lib/gcc/arm-none-eabi/4.8.3/../../../../arm-none-eabi/lib/armv6-m/crt0.o
LOAD ./os/kernel/src/chcond.o
LOAD ./os/kernel/src/chdebug.o
LOAD ./os/kernel/src/chdynamic.o
LOAD ./os/kernel/src/chevents.o
LOAD ./os/kernel/src/chheap.o
LOAD ./os/kernel/src/chlists.o
LOAD ./os/kernel/src/chmboxes.o
LOAD ./os/kernel/src/chmemcore.o
LOAD ./os/kernel/src/chmempools.o
LOAD ./os/kernel/src/chmsg.o
LOAD ./os/kernel/src/chmtx.o
LOAD ./os/kernel/src/chqueues.o
LOAD ./os/kernel/src/chregistry.o
LOAD ./os/kernel/src/chschd.o
LOAD ./os/kernel/src/chsem.o
LOAD ./os/kernel/src/chsys.o
LOAD ./os/kernel/src/chthreads.o
LOAD ./os/kernel/src/chvt.o
LOAD ./os/hal/chcore.o
LOAD ./os/hal/chcore_v6m.o
LOAD ./os/hal/crt0.o
LOAD ./os/hal/hal.o
LOAD ./os/hal/hal_lld.o
LOAD ./os/hal/nvic.o
LOAD ./os/hal/stm32_dma.o
LOAD ./os/hal/vectors.o
LOAD ./kl_lib/clocking_f0.o
LOAD ./kl_lib/kl_lib_f0.o
LOAD ./kl_lib/led_smooth.o
LOAD ./kl_lib/tiny_sprintf.o
LOAD ./main.o
LOAD c:/ostrannastudio/tools/gcc/bin/../lib/gcc/arm-none-eabi/4.8.3/../../../../arm-none-eabi/lib/armv6-m\libstdc++.a
LOAD c:/ostrannastudio/tools/gcc/bin/../lib/gcc/arm-none-eabi/4.8.3/../../../../arm-none-eabi/lib/armv6-m\libm.a
START GROUP
LOAD c:/ostrannastudio/tools/gcc/bin/../lib/gcc/arm-none-eabi/4.8.3/armv6-m\libgcc.a
LOAD c:/ostrannastudio/tools/gcc/bin/../lib/gcc/arm-none-eabi/4.8.3/../../../../arm-none-eabi/lib/armv6-m\libc.a
END GROUP
LOAD c:/ostrannastudio/tools/gcc/bin/../lib/gcc/arm-none-eabi/4.8.3/armv6-m/crtend.o
LOAD c:/ostrannastudio/tools/gcc/bin/../lib/gcc/arm-none-eabi/4.8.3/armv6-m/crtn.o
                0x00000400                __main_stack_size__ = 0x400
                0x00000400                __process_stack_size__ = 0x400
                0x20000000                __ram_start__ = ORIGIN (ram)
                0x00002000                __ram_size__ = 0x2000
                0x20002000                __ram_end__ = (__ram_start__ + __ram_size__)
                0x00000000                . = 0x0
                0x00000000                _text = .

startup         0x08000000       0xc0
 *(vectors)
 vectors        0x08000000       0xc0 ./os/hal/vectors.o
                0x08000000                _vectors

constructors    0x080000c0        0xc
                0x080000c0                PROVIDE (__init_array_start, .)
 *(SORT(.init_array.*))
 .init_array.00000
                0x080000c0        0x4 c:/ostrannastudio/tools/gcc/bin/../lib/gcc/arm-none-eabi/4.8.3/../../../../arm-none-eabi/lib/armv6-m\libc.a(lib_a-__call_atexit.o)
 *(.init_array)
 .init_array    0x080000c4        0x4 c:/ostrannastudio/tools/gcc/bin/../lib/gcc/arm-none-eabi/4.8.3/armv6-m/crtbegin.o
 .init_array    0x080000c8        0x4 ./kl_lib/led_smooth.o
                0x080000cc                PROVIDE (__init_array_end, .)

destructors     0x080000cc        0x4
                0x080000cc                PROVIDE (__fini_array_start, .)
 *(.fini_array)
 .fini_array    0x080000cc        0x4 c:/ostrannastudio/tools/gcc/bin/../lib/gcc/arm-none-eabi/4.8.3/armv6-m/crtbegin.o
 *(SORT(.fini_array.*))
                0x080000d0                PROVIDE (__fini_array_end, .)

.text           0x080000d0     0x1a04
 *(.text.startup.*)
 .text.startup._GLOBAL__sub_I_Led
                0x080000d0       0x14 ./kl_lib/led_smooth.o
 *fill*         0x080000e4        0xc 
 .text.startup.main
                0x080000f0       0xec ./main.o
                0x080000f0                main
 *fill*         0x080001dc        0x4 
 .text.startup.register_fini
                0x080001e0       0x18 c:/ostrannastudio/tools/gcc/bin/../lib/gcc/arm-none-eabi/4.8.3/../../../../arm-none-eabi/lib/armv6-m\libc.a(lib_a-__call_atexit.o)
 *(.text)
 *fill*         0x080001f8        0x8 
 .text          0x08000200       0x60 c:/ostrannastudio/tools/gcc/bin/../lib/gcc/arm-none-eabi/4.8.3/armv6-m/crtbegin.o
 .text          0x08000260       0x14 c:/ostrannastudio/tools/gcc/bin/../lib/gcc/arm-none-eabi/4.8.3/armv6-m\libgcc.a(_thumb1_case_uqi.o)
                0x08000260                __gnu_thumb1_case_uqi
 *fill*         0x08000274        0xc 
 .text          0x08000280       0x9c c:/ostrannastudio/tools/gcc/bin/../lib/gcc/arm-none-eabi/4.8.3/armv6-m\libgcc.a(_udivsi3.o)
                0x08000280                __aeabi_uidiv
                0x08000280                __udivsi3
                0x08000308                __aeabi_uidivmod
 *fill*         0x0800031c        0x4 
 .text          0x08000320        0x4 c:/ostrannastudio/tools/gcc/bin/../lib/gcc/arm-none-eabi/4.8.3/armv6-m\libgcc.a(_dvmd_tls.o)
                0x08000320                __aeabi_idiv0
                0x08000320                __aeabi_ldiv0
 *(.text.*)
 *fill*         0x08000324        0xc 
 .text.dbg_check_enable
                0x08000330       0x30 ./os/kernel/src/chdebug.o
                0x08000330                dbg_check_enable
 .text.dbg_check_lock
                0x08000360       0x34 ./os/kernel/src/chdebug.o
                0x08000360                dbg_check_lock
 *fill*         0x08000394        0xc 
 .text.dbg_check_unlock
                0x080003a0       0x34 ./os/kernel/src/chdebug.o
                0x080003a0                dbg_check_unlock
 *fill*         0x080003d4        0xc 
 .text.dbg_check_lock_from_isr
                0x080003e0       0x34 ./os/kernel/src/chdebug.o
                0x080003e0                dbg_check_lock_from_isr
 *fill*         0x08000414        0xc 
 .text.dbg_check_unlock_from_isr
                0x08000420       0x34 ./os/kernel/src/chdebug.o
                0x08000420                dbg_check_unlock_from_isr
 *fill*         0x08000454        0xc 
 .text.dbg_check_enter_isr
                0x08000460       0x38 ./os/kernel/src/chdebug.o
                0x08000460                dbg_check_enter_isr
 *fill*         0x08000498        0x8 
 .text.dbg_check_leave_isr
                0x080004a0       0x38 ./os/kernel/src/chdebug.o
                0x080004a0                dbg_check_leave_isr
 *fill*         0x080004d8        0x8 
 .text.chDbgCheckClassI
                0x080004e0       0x30 ./os/kernel/src/chdebug.o
                0x080004e0                chDbgCheckClassI
 .text.chDbgCheckClassS
                0x08000510       0x30 ./os/kernel/src/chdebug.o
                0x08000510                chDbgCheckClassS
 .text.chDbgPanic
                0x08000540       0x10 ./os/kernel/src/chdebug.o
                0x08000540                chDbgPanic
 .text._scheduler_init
                0x08000550       0x14 ./os/kernel/src/chschd.o
                0x08000550                _scheduler_init
 *fill*         0x08000564        0xc 
 .text.chSchReadyI
                0x08000570       0x40 ./os/kernel/src/chschd.o
                0x08000570                chSchReadyI
 .text.wakeup   0x080005b0       0x26 ./os/kernel/src/chschd.o
 *fill*         0x080005d6        0xa 
 .text.chSchGoSleepS
                0x080005e0       0x4c ./os/kernel/src/chschd.o
                0x080005e0                chSchGoSleepS
 *fill*         0x0800062c        0x4 
 .text.chSchGoSleepTimeoutS
                0x08000630       0x48 ./os/kernel/src/chschd.o
                0x08000630                chSchGoSleepTimeoutS
 *fill*         0x08000678        0x8 
 .text.chSchWakeupS
                0x08000680       0x50 ./os/kernel/src/chschd.o
                0x08000680                chSchWakeupS
 .text.chSchDoRescheduleBehind
                0x080006d0       0x44 ./os/kernel/src/chschd.o
                0x080006d0                chSchDoRescheduleBehind
 *fill*         0x08000714        0xc 
 .text.chSchDoRescheduleAhead
                0x08000720       0x54 ./os/kernel/src/chschd.o
                0x08000720                chSchDoRescheduleAhead
 *fill*         0x08000774        0xc 
 .text.chSchDoReschedule
                0x08000780       0x20 ./os/kernel/src/chschd.o
                0x08000780                chSchDoReschedule
 .text._idle_thread
                0x080007a0       0x14 ./os/kernel/src/chsys.o
                0x080007a0                _idle_thread
 *fill*         0x080007b4        0xc 
 .text.chSysInit
                0x080007c0       0x78 ./os/kernel/src/chsys.o
                0x080007c0                chSysInit
 *fill*         0x08000838        0x8 
 .text.chSysTimerHandlerI
                0x08000840       0x60 ./os/kernel/src/chsys.o
                0x08000840                chSysTimerHandlerI
 .text._thread_init
                0x080008a0       0x34 ./os/kernel/src/chthreads.o
                0x080008a0                _thread_init
 *fill*         0x080008d4        0xc 
 .text.chThdCreateI
                0x080008e0       0x48 ./os/kernel/src/chthreads.o
                0x080008e0                chThdCreateI
 *fill*         0x08000928        0x8 
 .text.chThdCreateStatic
                0x08000930       0x32 ./os/kernel/src/chthreads.o
                0x08000930                chThdCreateStatic
 *fill*         0x08000962        0xe 
 .text.chThdSleep
                0x08000970       0x28 ./os/kernel/src/chthreads.o
                0x08000970                chThdSleep
 *fill*         0x08000998        0x8 
 .text.chThdExitS
                0x080009a0       0x44 ./os/kernel/src/chthreads.o
                0x080009a0                chThdExitS
 *fill*         0x080009e4        0xc 
 .text.chThdExit
                0x080009f0       0x12 ./os/kernel/src/chthreads.o
                0x080009f0                chThdExit
 *fill*         0x08000a02        0xe 
 .text._vt_init
                0x08000a10       0x18 ./os/kernel/src/chvt.o
                0x08000a10                _vt_init
 *fill*         0x08000a28        0x8 
 .text.chVTSetI
                0x08000a30       0x58 ./os/kernel/src/chvt.o
                0x08000a30                chVTSetI
 *fill*         0x08000a88        0x8 
 .text.chVTResetI
                0x08000a90       0x48 ./os/kernel/src/chvt.o
                0x08000a90                chVTResetI
 *fill*         0x08000ad8        0x8 
 .text.port_halt
                0x08000ae0        0x4 ./os/hal/chcore.o
                0x08000ae0                port_halt
 *fill*         0x08000ae4        0xc 
 .text._port_switch_from_isr
                0x08000af0       0x1c ./os/hal/chcore_v6m.o
                0x08000af0                _port_switch_from_isr
 *fill*         0x08000b0c        0x4 
 .text.NMIVector
                0x08000b10        0xe ./os/hal/chcore_v6m.o
                0x08000b10                NMIVector
 *fill*         0x08000b1e        0x2 
 .text._port_irq_epilogue
                0x08000b20       0x58 ./os/hal/chcore_v6m.o
                0x08000b20                _port_irq_epilogue
 *fill*         0x08000b78        0x8 
 .text.SysTickVector
                0x08000b80       0x24 ./os/hal/chcore_v6m.o
                0x08000b80                SysTickVector
 *fill*         0x08000ba4        0xc 
 .text._port_switch
                0x08000bb0       0x20 ./os/hal/chcore_v6m.o
                0x08000bb0                _port_switch
 .text._port_thread_start
                0x08000bd0       0x12 ./os/hal/chcore_v6m.o
                0x08000bd0                _port_thread_start
 *fill*         0x08000be2        0xe 
 .text.__late_init
                0x08000bf0        0x2 ./os/hal/crt0.o
                0x08000bf0                __late_init
 *fill*         0x08000bf2        0xe 
 .text._default_exit
                0x08000c00        0x2 ./os/hal/crt0.o
                0x08000c00                _default_exit
 *fill*         0x08000c02        0xe 
 .text.ResetHandler
                0x08000c10       0xc8 ./os/hal/crt0.o
                0x08000c10                ResetHandler
 *fill*         0x08000cd8        0x8 
 .text.halInit  0x08000ce0        0x8 ./os/hal/hal.o
                0x08000ce0                halInit
 *fill*         0x08000ce8        0x8 
 .text.hal_lld_init
                0x08000cf0       0x58 ./os/hal/hal_lld.o
                0x08000cf0                hal_lld_init
 *fill*         0x08000d48        0x8 
 .text.nvicEnableVector
                0x08000d50       0x44 ./os/hal/nvic.o
                0x08000d50                nvicEnableVector
 *fill*         0x08000d94        0xc 
 .text.nvicSetSystemHandlerPriority
                0x08000da0       0x28 ./os/hal/nvic.o
                0x08000da0                nvicSetSystemHandlerPriority
 *fill*         0x08000dc8        0x8 
 .text.Vector64
                0x08000dd0       0x34 ./os/hal/stm32_dma.o
                0x08000dd0                Vector64
 *fill*         0x08000e04        0xc 
 .text.Vector68
                0x08000e10       0x50 ./os/hal/stm32_dma.o
                0x08000e10                Vector68
 .text.Vector6C
                0x08000e60       0x50 ./os/hal/stm32_dma.o
                0x08000e60                Vector6C
 .text.dmaInit  0x08000eb0       0x50 ./os/hal/stm32_dma.o
                0x08000eb0                dmaInit
 .text.dmaStreamAllocate
                0x08000f00       0x84 ./os/hal/stm32_dma.o
                0x08000f00                dmaStreamAllocate
 *fill*         0x08000f84        0xc 
 .text._unhandled_exception
                0x08000f90        0x2 ./os/hal/vectors.o
                0x08000f90                Vector58
                0x08000f90                Vector9C
                0x08000f90                VectorAC
                0x08000f90                Vector5C
                0x08000f90                Vector8C
                0x08000f90                Vector94
                0x08000f90                VectorA8
                0x08000f90                VectorB4
                0x08000f90                Vector74
                0x08000f90                UsageFaultVector
                0x08000f90                DebugMonitorVector
                0x08000f90                Vector40
                0x08000f90                VectorBC
                0x08000f90                PendSVVector
                0x08000f90                Vector54
                0x08000f90                Vector98
                0x08000f90                Vector24
                0x08000f90                Vector84
                0x08000f90                BusFaultVector
                0x08000f90                SVCallVector
                0x08000f90                HardFaultVector
                0x08000f90                MemManageVector
                0x08000f90                VectorA0
                0x08000f90                Vector7C
                0x08000f90                VectorB0
                0x08000f90                Vector90
                0x08000f90                Vector60
                0x08000f90                Vector1C
                0x08000f90                Vector48
                0x08000f90                Vector70
                0x08000f90                Vector4C
                0x08000f90                Vector80
                0x08000f90                Vector78
                0x08000f90                _unhandled_exception
                0x08000f90                Vector88
                0x08000f90                Vector50
                0x08000f90                Vector44
                0x08000f90                Vector28
                0x08000f90                VectorB8
                0x08000f90                Vector34
                0x08000f90                VectorA4
                0x08000f90                Vector20
 *fill*         0x08000f92        0xe 
 .text._ZN5Clk_t16UpdateFreqValuesEv
                0x08000fa0       0x84 ./kl_lib/clocking_f0.o
                0x08000fa0                Clk_t::UpdateFreqValues()
 *fill*         0x08001024        0xc 
 .text._ZN5Clk_t16SetupBusDividersE8AHBDiv_t8APBDiv_t
                0x08001030       0x20 ./kl_lib/clocking_f0.o
                0x08001030                Clk_t::SetupBusDividers(AHBDiv_t, APBDiv_t)
 .text._ZN5Clk_t17SetupFlashLatencyEv
                0x08001050       0x24 ./kl_lib/clocking_f0.o
                0x08001050                Clk_t::SetupFlashLatency()
 *fill*         0x08001074        0xc 
 .text.__early_init
                0x08001080       0x20 ./kl_lib/clocking_f0.o
                0x08001080                __early_init
 .text._ZN9DbgUart_t6PrintfEPKcz
                0x080010a0       0x98 ./kl_lib/kl_lib_f0.o
                0x080010a0                DbgUart_t::Printf(char const*, ...)
 *fill*         0x08001138        0x8 
 .text._ZN9DbgUart_t4InitEm
                0x08001140       0xd4 ./kl_lib/kl_lib_f0.o
                0x08001140                DbgUart_t::Init(unsigned long)
 *fill*         0x08001214        0xc 
 .text._ZN9DbgUart_t15IRQDmaTxHandlerEv
                0x08001220       0x50 ./kl_lib/kl_lib_f0.o
                0x08001220                DbgUart_t::IRQDmaTxHandler()
 .text.DbgUartIrq
                0x08001270       0x10 ./kl_lib/kl_lib_f0.o
                0x08001270                DbgUartIrq
 .text._ZN11LedSmooth_t17IAdjustBrightnessEv
                0x08001280       0x3c ./kl_lib/led_smooth.o
                0x08001280                LedSmooth_t::IAdjustBrightness()
 *fill*         0x080012bc        0x4 
 .text._ZL14LedTmrCallbackPv
                0x080012c0       0x1c ./kl_lib/led_smooth.o
 *fill*         0x080012dc        0x4 
 .text._ZN11LedSmooth_t6FadeInEm
                0x080012e0       0x44 ./kl_lib/led_smooth.o
                0x080012e0                LedSmooth_t::FadeIn(unsigned long)
 *fill*         0x08001324        0xc 
 .text._ZN11LedSmooth_t7FadeOutEm
                0x08001330       0x44 ./kl_lib/led_smooth.o
                0x08001330                LedSmooth_t::FadeOut(unsigned long)
 *fill*         0x08001374        0xc 
 .text._ZNK9LedChnl_t4InitEv
                0x08001380      0x1b4 ./kl_lib/led_smooth.o
                0x08001380                LedChnl_t::Init() const
 *fill*         0x08001534        0xc 
 .text._Z8put_uintPcjjib
                0x08001540       0x74 ./kl_lib/tiny_sprintf.o
                0x08001540                put_uint(char*, unsigned int, unsigned int, int, bool)
 *fill*         0x080015b4        0xc 
 .text._Z13tiny_vsprintfPcPKcSt9__va_list
                0x080015c0       0xe6 ./kl_lib/tiny_sprintf.o
                0x080015c0                tiny_vsprintf(char*, char const*, std::__va_list)
 *fill*         0x080016a6        0xa 
 .text._Z7GoSleepv
                0x080016b0       0x3c ./main.o
                0x080016b0                GoSleep()
 *fill*         0x080016ec        0x4 
 .text.memcpy   0x080016f0       0x84 c:/ostrannastudio/tools/gcc/bin/../lib/gcc/arm-none-eabi/4.8.3/../../../../arm-none-eabi/lib/armv6-m\libc.a(lib_a-memcpy-stub.o)
                0x080016f0                memcpy
 *fill*         0x08001774        0xc 
 .text.atexit   0x08001780       0x10 c:/ostrannastudio/tools/gcc/bin/../lib/gcc/arm-none-eabi/4.8.3/../../../../arm-none-eabi/lib/armv6-m\libc.a(lib_a-atexit.o)
                0x08001780                atexit
 .text.__libc_fini_array
                0x08001790       0x30 c:/ostrannastudio/tools/gcc/bin/../lib/gcc/arm-none-eabi/4.8.3/../../../../arm-none-eabi/lib/armv6-m\libc.a(lib_a-fini.o)
                0x08001790                __libc_fini_array
 .text.__register_exitproc
                0x080017c0       0xc0 c:/ostrannastudio/tools/gcc/bin/../lib/gcc/arm-none-eabi/4.8.3/../../../../arm-none-eabi/lib/armv6-m\libc.a(lib_a-__atexit.o)
                0x080017c0                __register_exitproc
 *(.rodata)
 .rodata        0x08001880       0x18 ./kl_lib/clocking_f0.o
 *(.rodata.*)
 *fill*         0x08001898        0x8 
 .rodata.str1.1
                0x080018a0       0x39 ./os/kernel/src/chdebug.o
 *fill*         0x080018d9        0x7 
 .rodata.ch_debug
                0x080018e0       0x16 ./os/kernel/src/chregistry.o
                0x080018e0                ch_debug
 *fill*         0x080018f6        0xa 
 .rodata.str1.1
                0x08001900       0x21 ./os/kernel/src/chschd.o
 *fill*         0x08001921        0xf 
 .rodata.str1.1
                0x08001930        0x5 ./os/kernel/src/chsys.o
 *fill*         0x08001935        0xb 
 .rodata.str1.1
                0x08001940       0x76 ./os/kernel/src/chthreads.o
 *fill*         0x080019b6        0xa 
 .rodata.str1.1
                0x080019c0       0x2d ./os/kernel/src/chvt.o
 *fill*         0x080019ed        0x3 
 .rodata.str1.1
                0x080019f0       0x42 ./os/hal/stm32_dma.o
 *fill*         0x08001a32        0xe 
 .rodata._stm32_dma_streams
                0x08001a40       0x3c ./os/hal/stm32_dma.o
                0x08001a40                _stm32_dma_streams
 *fill*         0x08001a7c        0x4 
 .rodata._ZL5LedCh
                0x08001a80       0x14 ./main.o
 *fill*         0x08001a94        0xc 
 .rodata.str1.1
                0x08001aa0       0x1b ./main.o
 *fill*         0x08001abb        0x5 
 .rodata.str1.4
                0x08001ac0        0x4 c:/ostrannastudio/tools/gcc/bin/../lib/gcc/arm-none-eabi/4.8.3/../../../../arm-none-eabi/lib/armv6-m\libc.a(lib_a-impure.o)
 *fill*         0x08001ac4        0xc 
 .rodata._global_impure_ptr
                0x08001ad0        0x4 c:/ostrannastudio/tools/gcc/bin/../lib/gcc/arm-none-eabi/4.8.3/../../../../arm-none-eabi/lib/armv6-m\libc.a(lib_a-impure.o)
                0x08001ad0                _global_impure_ptr
 *(.glue_7t)
 .glue_7t       0x00000000        0x0 linker stubs
 *(.glue_7)
 .glue_7        0x00000000        0x0 linker stubs
 *(.gcc*)

.vfp11_veneer   0x08001ad4        0x0
 .vfp11_veneer  0x00000000        0x0 linker stubs

.v4_bx          0x08001ad4        0x0
 .v4_bx         0x00000000        0x0 linker stubs

.fini           0x08001ad4        0x4
 .fini          0x08001ad4        0x4 c:/ostrannastudio/tools/gcc/bin/../lib/gcc/arm-none-eabi/4.8.3/armv6-m/crti.o
                0x08001ad4                _fini

.iplt           0x08001ad8        0x0
 .iplt          0x00000000        0x0 c:/ostrannastudio/tools/gcc/bin/../lib/gcc/arm-none-eabi/4.8.3/armv6-m/crtbegin.o

.ARM.extab
 *(.ARM.extab* .gnu.linkonce.armextab.*)

.ARM.exidx      0x08001ad8        0x0
                0x08001ad8                PROVIDE (__exidx_start, .)
 *(.ARM.exidx* .gnu.linkonce.armexidx.*)
                0x08001ad8                PROVIDE (__exidx_end, .)

.eh_frame_hdr
 *(.eh_frame_hdr)

.eh_frame       0x08001ad8        0x0
 *(.eh_frame)
 .eh_frame      0x08001ad8        0x0 c:/ostrannastudio/tools/gcc/bin/../lib/gcc/arm-none-eabi/4.8.3/armv6-m/crtbegin.o

.rel.dyn        0x08001ad8        0x0
 .rel.iplt      0x00000000        0x0 c:/ostrannastudio/tools/gcc/bin/../lib/gcc/arm-none-eabi/4.8.3/armv6-m/crtbegin.o

.textalign      0x08001ad8        0x0
                0x08001ad8                . = ALIGN (0x8)
                0x08001ad8                . = ALIGN (0x4)
                0x08001ad8                _etext = .
                0x08001ad8                _textdata = _etext

.stacks         0x20000000      0x800
                0x20000000                . = ALIGN (0x8)
                0x20000000                __main_stack_base__ = .
                0x20000400                . = (. + __main_stack_size__)
 *fill*         0x20000000      0x400 
                0x20000400                . = ALIGN (0x8)
                0x20000400                __main_stack_end__ = .
                0x20000400                __process_stack_base__ = .
                0x20000400                __main_thread_stack_base__ = .
                0x20000800                . = (. + __process_stack_size__)
 *fill*         0x20000400      0x400 
                0x20000800                . = ALIGN (0x8)
                0x20000800                __process_stack_end__ = .
                0x20000800                __main_thread_stack_end__ = .

.data           0x20000800      0x428 load address 0x08001ad8
                0x20000800                . = ALIGN (0x4)
                0x20000800                PROVIDE (_data, .)
 *(.data)
                0x20000800                . = ALIGN (0x4)
 *(.data.*)
 .data.impure_data
                0x20000800      0x428 c:/ostrannastudio/tools/gcc/bin/../lib/gcc/arm-none-eabi/4.8.3/../../../../arm-none-eabi/lib/armv6-m\libc.a(lib_a-impure.o)
                0x20000c28                . = ALIGN (0x4)
 *(.ramtext)
                0x20000c28                . = ALIGN (0x4)
                0x20000c28                PROVIDE (_edata, .)

.jcr            0x20000c28        0x0 load address 0x08001f00
 .jcr           0x20000c28        0x0 c:/ostrannastudio/tools/gcc/bin/../lib/gcc/arm-none-eabi/4.8.3/armv6-m/crtbegin.o

.igot.plt       0x20000c28        0x0 load address 0x08001f00
 .igot.plt      0x00000000        0x0 c:/ostrannastudio/tools/gcc/bin/../lib/gcc/arm-none-eabi/4.8.3/armv6-m/crtbegin.o

.bss            0x20000c28      0x2a8 load address 0x08001f00
                0x20000c28                . = ALIGN (0x4)
                0x20000c28                PROVIDE (_bss_start, .)
 *(.bss)
 .bss           0x20000c28       0x1c c:/ostrannastudio/tools/gcc/bin/../lib/gcc/arm-none-eabi/4.8.3/armv6-m/crtbegin.o
                0x20000c44                . = ALIGN (0x4)
 *(.bss.*)
 .bss.mainthread.4475
                0x20000c44       0x30 ./os/kernel/src/chsys.o
 .bss.dma_isr_redir
                0x20000c74       0x28 ./os/hal/stm32_dma.o
 .bss.dma_streams_mask
                0x20000c9c        0x4 ./os/hal/stm32_dma.o
 .bss.Clk       0x20000ca0        0x8 ./kl_lib/clocking_f0.o
                0x20000ca0                Clk
 .bss._ZL7UartBuf
                0x20000ca8       0xc6 ./kl_lib/kl_lib_f0.o
 *fill*         0x20000d6e        0x2 
 .bss.Uart      0x20000d70       0x3c ./kl_lib/kl_lib_f0.o
                0x20000d70                Uart
 .bss.Led       0x20000dac       0x20 ./kl_lib/led_smooth.o
                0x20000dac                Led
                0x20000dcc                . = ALIGN (0x4)
 *(COMMON)
 COMMON         0x20000dcc        0xc ./os/kernel/src/chdebug.o
                0x20000dcc                dbg_panic_msg
                0x20000dd0                dbg_isr_cnt
                0x20000dd4                dbg_lock_cnt
 COMMON         0x20000dd8       0x1c ./os/kernel/src/chschd.o
                0x20000dd8                rlist
 *fill*         0x20000df4        0x4 
 COMMON         0x20000df8       0xc8 ./os/kernel/src/chsys.o
                0x20000df8                _idle_thread_wa
 COMMON         0x20000ec0       0x10 ./os/kernel/src/chvt.o
                0x20000ec0                vtlist
                0x20000ed0                . = ALIGN (0x4)
                0x20000ed0                PROVIDE (_bss_end, .)
                0x20000ed0                PROVIDE (end, .)
                0x20000ed0                _end = .
                0x20000ed0                __heap_base__ = _end
                0x20002000                __heap_end__ = __ram_end__
OUTPUT(TittaCalma.elf elf32-littlearm)

.ARM.attributes
                0x00000000       0x28
 .ARM.attributes
                0x00000000       0x1e c:/ostrannastudio/tools/gcc/bin/../lib/gcc/arm-none-eabi/4.8.3/armv6-m/crti.o
 .ARM.attributes
                0x0000001e       0x2c c:/ostrannastudio/tools/gcc/bin/../lib/gcc/arm-none-eabi/4.8.3/armv6-m/crtbegin.o
 .ARM.attributes
                0x0000004a       0x31 ./os/kernel/src/chdebug.o
 .ARM.attributes
                0x0000007b       0x31 ./os/kernel/src/chregistry.o
 .ARM.attributes
                0x000000ac       0x31 ./os/kernel/src/chschd.o
 .ARM.attributes
                0x000000dd       0x31 ./os/kernel/src/chsys.o
 .ARM.attributes
                0x0000010e       0x31 ./os/kernel/src/chthreads.o
 .ARM.attributes
                0x0000013f       0x31 ./os/kernel/src/chvt.o
 .ARM.attributes
                0x00000170       0x31 ./os/hal/chcore.o
 .ARM.attributes
                0x000001a1       0x31 ./os/hal/chcore_v6m.o
 .ARM.attributes
                0x000001d2       0x31 ./os/hal/crt0.o
 .ARM.attributes
                0x00000203       0x31 ./os/hal/hal.o
 .ARM.attributes
                0x00000234       0x31 ./os/hal/hal_lld.o
 .ARM.attributes
                0x00000265       0x31 ./os/hal/nvic.o
 .ARM.attributes
                0x00000296       0x31 ./os/hal/stm32_dma.o
 .ARM.attributes
                0x000002c7       0x31 ./os/hal/vectors.o
 .ARM.attributes
                0x000002f8       0x31 ./kl_lib/clocking_f0.o
 .ARM.attributes
                0x00000329       0x31 ./kl_lib/kl_lib_f0.o
 .ARM.attributes
                0x0000035a       0x31 ./kl_lib/led_smooth.o
 .ARM.attributes
                0x0000038b       0x31 ./kl_lib/tiny_sprintf.o
 .ARM.attributes
                0x000003bc       0x31 ./main.o
 .ARM.attributes
                0x000003ed       0x1e c:/ostrannastudio/tools/gcc/bin/../lib/gcc/arm-none-eabi/4.8.3/armv6-m\libgcc.a(_thumb1_case_uqi.o)
 .ARM.attributes
                0x0000040b       0x1e c:/ostrannastudio/tools/gcc/bin/../lib/gcc/arm-none-eabi/4.8.3/armv6-m\libgcc.a(_udivsi3.o)
 .ARM.attributes
                0x00000429       0x1e c:/ostrannastudio/tools/gcc/bin/../lib/gcc/arm-none-eabi/4.8.3/armv6-m\libgcc.a(_dvmd_tls.o)
 .ARM.attributes
                0x00000447       0x2c c:/ostrannastudio/tools/gcc/bin/../lib/gcc/arm-none-eabi/4.8.3/../../../../arm-none-eabi/lib/armv6-m\libc.a(lib_a-impure.o)
 .ARM.attributes
                0x00000473       0x2c c:/ostrannastudio/tools/gcc/bin/../lib/gcc/arm-none-eabi/4.8.3/../../../../arm-none-eabi/lib/armv6-m\libc.a(lib_a-memcpy-stub.o)
 .ARM.attributes
                0x0000049f       0x2c c:/ostrannastudio/tools/gcc/bin/../lib/gcc/arm-none-eabi/4.8.3/../../../../arm-none-eabi/lib/armv6-m\libc.a(lib_a-__call_atexit.o)
 .ARM.attributes
                0x000004cb       0x2c c:/ostrannastudio/tools/gcc/bin/../lib/gcc/arm-none-eabi/4.8.3/../../../../arm-none-eabi/lib/armv6-m\libc.a(lib_a-atexit.o)
 .ARM.attributes
                0x000004f7       0x2c c:/ostrannastudio/tools/gcc/bin/../lib/gcc/arm-none-eabi/4.8.3/../../../../arm-none-eabi/lib/armv6-m\libc.a(lib_a-fini.o)
 .ARM.attributes
                0x00000523       0x2c c:/ostrannastudio/tools/gcc/bin/../lib/gcc/arm-none-eabi/4.8.3/../../../../arm-none-eabi/lib/armv6-m\libc.a(lib_a-__atexit.o)

.comment        0x00000000       0x70
 .comment       0x00000000       0x70 ./os/kernel/src/chdebug.o
                                 0x71 (size before relaxing)
 .comment       0x00000000       0x71 ./os/kernel/src/chregistry.o
 .comment       0x00000000       0x71 ./os/kernel/src/chschd.o
 .comment       0x00000000       0x71 ./os/kernel/src/chsys.o
 .comment       0x00000000       0x71 ./os/kernel/src/chthreads.o
 .comment       0x00000000       0x71 ./os/kernel/src/chvt.o
 .comment       0x00000000       0x71 ./os/hal/chcore.o
 .comment       0x00000000       0x71 ./os/hal/chcore_v6m.o
 .comment       0x00000000       0x71 ./os/hal/crt0.o
 .comment       0x00000000       0x71 ./os/hal/hal.o
 .comment       0x00000000       0x71 ./os/hal/hal_lld.o
 .comment       0x00000000       0x71 ./os/hal/nvic.o
 .comment       0x00000000       0x71 ./os/hal/stm32_dma.o
 .comment       0x00000000       0x71 ./os/hal/vectors.o
 .comment       0x00000000       0x71 ./kl_lib/clocking_f0.o
 .comment       0x00000000       0x71 ./kl_lib/kl_lib_f0.o
 .comment       0x00000000       0x71 ./kl_lib/led_smooth.o
 .comment       0x00000000       0x71 ./kl_lib/tiny_sprintf.o
 .comment       0x00000000       0x71 ./main.o

.debug_frame    0x00000000      0x130
 .debug_frame   0x00000000       0x20 c:/ostrannastudio/tools/gcc/bin/../lib/gcc/arm-none-eabi/4.8.3/armv6-m\libgcc.a(_udivsi3.o)
 .debug_frame   0x00000020       0x30 c:/ostrannastudio/tools/gcc/bin/../lib/gcc/arm-none-eabi/4.8.3/../../../../arm-none-eabi/lib/armv6-m\libc.a(lib_a-memcpy-stub.o)
 .debug_frame   0x00000050       0x54 c:/ostrannastudio/tools/gcc/bin/../lib/gcc/arm-none-eabi/4.8.3/../../../../arm-none-eabi/lib/armv6-m\libc.a(lib_a-__call_atexit.o)
 .debug_frame   0x000000a4       0x28 c:/ostrannastudio/tools/gcc/bin/../lib/gcc/arm-none-eabi/4.8.3/../../../../arm-none-eabi/lib/armv6-m\libc.a(lib_a-atexit.o)
 .debug_frame   0x000000cc       0x2c c:/ostrannastudio/tools/gcc/bin/../lib/gcc/arm-none-eabi/4.8.3/../../../../arm-none-eabi/lib/armv6-m\libc.a(lib_a-fini.o)
 .debug_frame   0x000000f8       0x38 c:/ostrannastudio/tools/gcc/bin/../lib/gcc/arm-none-eabi/4.8.3/../../../../arm-none-eabi/lib/armv6-m\libc.a(lib_a-__atexit.o)
